# ---- session start 2026-06-19T14:47:10+0200  port=/dev/ttyACM0 baud=115200  fallback=GNSS ----
2026-06-19T14:47:10.172 331.3,0.0,179.9,41.32,1067, 3
2026-06-19T14:47:10.272 331.2,180.0,-180.0,41.00,1075, 3
2026-06-19T14:47:10.372 331.1,180.0,-179.9,40.84,1079, 3
2026-06-19T14:47:10.472 331.1,180.0,-179.4,40.60,1085, 3
2026-06-19T14:47:10.572 331.3,180.0,-179.1,40.84,1079, 3
2026-06-19T14:47:10.672 331.3,180.0,-178.9,40.68,1083, 3
2026-06-19T14:47:10.772 331.3,180.0,-178.7,40.60,1085, 3
2026-06-19T14:47:10.872 331.4,180.0,-178.8,41.12,1072, 3
2026-06-19T14:47:10.972 331.3,180.0,-178.8,41.48,1063, 3
2026-06-19T14:47:11.072 331.2,180.0,-178.8,40.52,1087, 3
2026-06-19T14:47:11.172 331.3,180.0,-178.6,40.96,1076, 3
2026-06-19T14:47:11.272 331.4,180.0,-178.6,40.72,1082, 3
2026-06-19T14:47:11.372 331.4,180.0,-178.6,40.32,1092, 3
2026-06-19T14:47:11.472 331.4,180.0,-178.6,40.76,1081, 3
2026-06-19T14:47:11.572 331.3,180.0,-178.5,40.60,1085, 3
2026-06-19T14:47:11.672 331.2,180.0,-178.4,41.12,1072, 3
2026-06-19T14:47:11.772 331.2,180.0,-178.4,40.40,1090, 3
2026-06-19T14:47:11.872 331.2,180.0,-178.3,40.28,1093, 3
2026-06-19T14:47:11.976 331.1,180.0,-178.2,40.36,1091, 3
2026-06-19T14:47:12.077 331.2,180.0,-178.2,40.52,1087, 3
2026-06-19T14:47:12.177 331.3,180.0,-178.1,41.00,1075, 3
2026-06-19T14:47:12.277 331.3,180.0,-178.1,40.60,1085, 3
2026-06-19T14:47:12.377 331.4,180.0,-178.0,40.04,1099, 3
2026-06-19T14:47:12.477 331.3,180.0,-178.0,40.36,1091, 3
2026-06-19T14:47:12.577 331.4,180.0,-178.1,40.64,1084, 3
2026-06-19T14:47:12.677 331.3,180.0,-178.5,40.64,1084, 3
2026-06-19T14:47:12.777 331.1,180.0,-177.8,40.64,1084, 3
2026-06-19T14:47:12.877 331.2,180.0,-177.4,41.16,1071, 3
2026-06-19T14:47:12.977 330.9,180.0,-177.4,40.96,1076, 3
2026-06-19T14:47:13.077 330.8,180.0,-177.4,41.76,1056, 3
2026-06-19T14:47:13.177 331.2,180.0,-176.4,41.76,1056, 3
2026-06-19T14:47:13.277 331.5,180.0,-175.8,42.16,1046, 3
2026-06-19T14:47:13.377 331.4,180.0,-175.6,41.80,1055, 3
2026-06-19T14:47:13.477 331.1,180.0,-174.6,42.20,1045, 3
2026-06-19T14:47:13.577 330.9,180.0,-173.5,42.16,1046, 3
2026-06-19T14:47:13.677 331.0,180.0,-173.2,42.24,1044, 3
2026-06-19T14:47:13.777 331.2,180.0,-172.7,42.32,1042, 3
2026-06-19T14:47:13.877 331.3,180.0,-172.1,42.20,1045, 3
2026-06-19T14:47:13.982 331.3,180.0,-171.9,42.48,1038, 3
2026-06-19T14:47:14.082 331.6,180.0,-170.5,42.84,1029, 3
2026-06-19T14:47:14.182 331.3,180.0,-170.2,42.48,1038, 3
2026-06-19T14:47:14.282 330.9,180.0,-169.0,42.84,1029, 3
2026-06-19T14:47:14.382 330.3,180.0,-168.5,42.60,1035, 3
2026-06-19T14:47:14.482 330.0,180.0,-167.8,42.60,1035, 3
2026-06-19T14:47:14.582 329.9,180.0,-166.6,43.00,1025, 3
2026-06-19T14:47:14.682 331.2,180.0,-165.2,42.92,1027, 3
2026-06-19T14:47:14.782 331.2,180.0,-165.3,42.72,1032, 3
2026-06-19T14:47:14.882 330.8,180.0,-165.6,43.36,1016, 3
2026-06-19T14:47:14.982 330.7,180.0,-164.7,43.64,1009, 3
2026-06-19T14:47:15.082 330.4,180.0,-163.5,43.92,1002, 3
2026-06-19T14:47:15.182 330.6,180.0,-163.0,44.48,988, 3
2026-06-19T14:47:15.282 331.1,180.0,-162.0,45.04,974, 3
2026-06-19T14:47:15.382 331.8,180.0,-160.4,45.16,971, 3
2026-06-19T14:47:15.482 331.4,180.0,-159.9,45.00,975, 3
2026-06-19T14:47:15.582 331.5,180.0,-158.1,44.92,977, 3
2026-06-19T14:47:15.682 331.3,180.0,-155.8,45.00,975, 3
2026-06-19T14:47:15.782 330.4,180.0,-155.0,44.84,979, 3
2026-06-19T14:47:15.882 330.0,180.0,-153.6,44.76,981, 3
2026-06-19T14:47:15.987 329.7,180.0,-153.2,45.32,967, 3
2026-06-19T14:47:16.087 329.2,180.0,-153.2,45.84,954, 3
2026-06-19T14:47:16.187 328.7,180.0,-152.8,46.24,944, 3
2026-06-19T14:47:16.287 328.6,180.0,-152.6,46.12,947, 3
2026-06-19T14:47:16.387 328.7,180.0,-151.3,46.04,949, 3
2026-06-19T14:47:16.487 328.5,180.0,-149.7,46.16,946, 3
2026-06-19T14:47:16.587 328.9,180.0,-148.6,46.40,940, 3
2026-06-19T14:47:16.687 329.1,180.0,-147.7,46.32,942, 3
2026-06-19T14:47:16.787 329.3,180.0,-145.8,46.88,928, 3
2026-06-19T14:47:16.887 329.2,180.0,-145.0,46.64,934, 3
2026-06-19T14:47:16.987 328.7,180.0,-144.5,46.76,931, 3
2026-06-19T14:47:17.087 328.1,180.0,-143.6,47.04,924, 3
2026-06-19T14:47:17.187 327.5,180.0,-143.7,47.32,917, 3
2026-06-19T14:47:17.287 326.4,180.0,-144.5,47.52,912, 3
2026-06-19T14:47:17.387 326.8,180.0,-144.2,47.48,913, 3
2026-06-19T14:47:17.487 327.0,180.0,-144.1,47.56,911, 3
2026-06-19T14:47:17.587 327.3,180.0,-143.8,47.48,913, 3
2026-06-19T14:47:17.687 327.6,180.0,-144.1,47.96,901, 3
2026-06-19T14:47:17.787 328.2,180.0,-143.7,47.92,902, 3
2026-06-19T14:47:17.887 328.8,180.0,-143.5,47.92,902, 3
2026-06-19T14:47:17.992 329.0,180.0,-142.7,48.00,900, 3
2026-06-19T14:47:18.091 328.9,180.0,-141.6,47.88,903, 3
2026-06-19T14:47:18.192 328.9,180.0,-140.6,47.88,903, 3
2026-06-19T14:47:18.292 328.7,180.0,-139.3,47.88,903, 3
2026-06-19T14:47:18.392 328.4,180.0,-138.2,47.80,905, 3
2026-06-19T14:47:18.492 328.3,180.0,-137.6,47.60,910, 3
2026-06-19T14:47:18.592 328.1,180.0,-136.4,47.72,907, 3
2026-06-19T14:47:18.692 327.7,180.0,-135.5,47.28,918, 3
2026-06-19T14:47:18.792 327.6,180.0,-134.1,47.48,913, 3
2026-06-19T14:47:18.892 327.4,180.0,-132.6,47.32,917, 3
2026-06-19T14:47:18.992 326.8,180.0,-131.0,47.40,915, 3
2026-06-19T14:47:19.092 326.7,180.0,-129.1,47.32,917, 3
2026-06-19T14:47:19.192 326.6,180.0,-128.9,47.48,913, 3
2026-06-19T14:47:19.292 326.3,180.0,-127.7,47.64,909, 3
2026-06-19T14:47:19.392 326.2,180.0,-126.0,47.88,903, 3
2026-06-19T14:47:19.491 325.8,180.0,-125.9,48.24,894, 3
2026-06-19T14:47:19.592 324.8,180.0,-125.6,48.24,894, 3
2026-06-19T14:47:19.692 324.1,180.0,-123.9,48.24,894, 3
2026-06-19T14:47:19.792 324.7,180.0,-123.4,48.32,892, 3
2026-06-19T14:47:19.892 324.6,180.0,-123.1,48.20,895, 3
2026-06-19T14:47:19.997 325.0,180.0,-121.5,48.12,897, 3
2026-06-19T14:47:20.097 325.9,180.0,-120.5,47.76,906, 3
2026-06-19T14:47:20.197 325.8,180.0,-119.4,48.16,896, 3
2026-06-19T14:47:20.297 325.5,180.0,-115.5,48.00,900, 3
2026-06-19T14:47:20.397 324.0,180.0,-111.8,48.24,894, 3
2026-06-19T14:47:20.497 323.6,180.0,-112.0,48.60,885, 3
2026-06-19T14:47:20.597 324.4,180.0,-113.7,48.00,900, 3
2026-06-19T14:47:20.697 325.3,180.0,-113.8,47.68,908, 3
2026-06-19T14:47:20.797 324.4,180.0,-111.7,47.72,907, 3
2026-06-19T14:47:20.897 322.9,180.0,-110.0,47.96,901, 3
2026-06-19T14:47:20.997 321.2,180.0,-109.0,47.68,908, 3
2026-06-19T14:47:21.097 319.5,180.0,-106.7,47.48,913, 3
2026-06-19T14:47:21.197 316.6,180.0,-103.8,47.96,901, 3
2026-06-19T14:47:21.297 314.6,180.0,-102.9,48.12,897, 3
2026-06-19T14:47:21.397 315.5,180.0,-103.9,48.04,899, 3
2026-06-19T14:47:21.497 317.1,180.0,-105.0,47.92,902, 3
2026-06-19T14:47:21.597 315.5,180.0,-104.7,47.92,902, 3
2026-06-19T14:47:21.697 305.1,180.0,-99.6,47.84,904, 3
2026-06-19T14:47:21.798 290.5,180.0,-95.9,47.96,901, 3
2026-06-19T14:47:21.897 300.1,180.0,-98.4,47.40,915, 3
2026-06-19T14:47:22.002 298.3,180.0,-98.4,47.44,914, 3
2026-06-19T14:47:22.102 283.5,180.0,-95.6,47.40,915, 3
2026-06-19T14:47:22.202 273.1,180.0,-93.7,47.32,917, 3
2026-06-19T14:47:22.302 268.3,180.0,-92.9,47.52,912, 3
2026-06-19T14:47:22.403 251.7,180.0,-91.1,47.40,915, 3
2026-06-19T14:47:22.502 254.9,180.0,-91.2,47.32,917, 3
2026-06-19T14:47:22.602 257.1,180.0,-91.3,47.44,914, 3
2026-06-19T14:47:22.702 225.4,179.0,-89.0,47.20,920, 3
2026-06-19T14:47:22.802 187.5,175.8,-85.8,47.24,919, 3
2026-06-19T14:47:22.902 177.5,173.2,-83.2,47.08,923, 3
2026-06-19T14:47:23.002 171.4,169.7,-79.7,47.12,922, 3
2026-06-19T14:47:23.102 171.0,168.3,-78.3,47.12,922, 3
2026-06-19T14:47:23.202 170.1,168.1,-78.1,47.24,919, 3
2026-06-19T14:47:23.302 168.9,166.1,-76.1,47.28,918, 3
2026-06-19T14:47:23.402 168.4,164.4,-74.4,47.24,919, 3
2026-06-19T14:47:23.502 168.2,163.8,-73.8,47.52,912, 3
2026-06-19T14:47:23.602 168.1,163.0,-73.0,47.72,907, 3
2026-06-19T14:47:23.702 168.4,162.5,-72.5,47.92,902, 3
2026-06-19T14:47:23.802 168.2,162.2,-72.2,48.32,892, 3
2026-06-19T14:47:23.902 167.4,161.6,-71.6,47.92,902, 3
2026-06-19T14:47:24.006 167.5,161.1,-71.1,48.20,895, 3
2026-06-19T14:47:24.107 167.2,160.0,-70.0,48.44,889, 3
2026-06-19T14:47:24.207 166.5,158.6,-68.6,48.60,885, 3
2026-06-19T14:47:24.307 166.5,158.0,-68.0,48.80,880, 3
2026-06-19T14:47:24.407 166.1,157.2,-67.2,48.92,877, 3
2026-06-19T14:47:24.506 165.8,156.7,-66.7,49.04,874, 3
2026-06-19T14:47:24.607 165.6,156.7,-66.7,48.96,876, 3
2026-06-19T14:47:24.707 165.8,155.6,-65.6,49.32,867, 3
2026-06-19T14:47:24.807 165.8,154.1,-64.1,49.44,864, 3
2026-06-19T14:47:24.907 165.6,154.0,-64.0,49.36,866, 3
2026-06-19T14:47:25.007 165.1,153.2,-63.2,49.52,862, 3
2026-06-19T14:47:25.107 165.7,152.1,-62.1,49.08,873, 3
2026-06-19T14:47:25.207 166.3,151.1,-61.1,48.96,876, 3
2026-06-19T14:47:25.307 165.8,149.9,-59.9,49.04,874, 3
2026-06-19T14:47:25.407 166.0,148.6,-58.6,48.88,878, 3
2026-06-19T14:47:25.507 166.7,146.4,-56.4,48.80,880, 3
2026-06-19T14:47:25.607 166.9,144.1,-54.1,48.80,880, 3
2026-06-19T14:47:25.707 166.6,142.5,-52.5,49.04,874, 3
2026-06-19T14:47:25.807 165.9,142.0,-52.0,49.36,866, 3
2026-06-19T14:47:25.907 165.1,141.2,-51.2,49.68,858, 3
2026-06-19T14:47:26.012 165.0,139.6,-49.6,49.52,862, 3
2026-06-19T14:47:26.112 164.2,138.3,-48.3,49.36,866, 3
2026-06-19T14:47:26.212 164.1,137.6,-47.6,49.12,872, 3
2026-06-19T14:47:26.312 164.4,135.7,-45.7,48.76,881, 3
2026-06-19T14:47:26.412 165.0,134.4,-44.4,48.32,892, 3
2026-06-19T14:47:26.512 165.6,133.5,-43.5,48.20,895, 3
2026-06-19T14:47:26.612 165.3,132.4,-42.4,48.08,898, 3
2026-06-19T14:47:26.712 164.9,130.8,-40.8,48.12,897, 3
2026-06-19T14:47:26.812 164.8,129.4,-39.4,48.04,899, 3
2026-06-19T14:47:26.912 164.5,127.8,-37.8,47.92,902, 3
2026-06-19T14:47:27.012 164.5,126.6,-36.6,47.64,909, 3
2026-06-19T14:47:27.112 164.7,126.0,-36.0,47.68,908, 3
2026-06-19T14:47:27.212 164.7,125.1,-35.1,47.56,911, 3
2026-06-19T14:47:27.312 164.3,123.0,-33.0,47.68,908, 3
2026-06-19T14:47:27.412 164.7,121.3,-31.3,47.44,914, 3
2026-06-19T14:47:27.513 164.6,120.2,-30.2,47.12,922, 3
2026-06-19T14:47:27.612 164.2,120.1,-30.1,46.68,933, 3
2026-06-19T14:47:27.712 164.2,119.3,-29.3,46.24,944, 3
2026-06-19T14:47:27.812 164.5,118.4,-28.4,46.00,950, 3
2026-06-19T14:47:27.912 164.1,117.0,-27.0,46.00,950, 3
2026-06-19T14:47:28.017 163.4,116.7,-26.7,45.68,958, 3
2026-06-19T14:47:28.117 163.1,116.5,-26.5,45.08,973, 3
2026-06-19T14:47:28.217 163.4,114.9,-24.9,44.76,981, 3
2026-06-19T14:47:28.317 163.5,113.0,-23.0,44.84,979, 3
2026-06-19T14:47:28.417 163.3,110.8,-20.8,44.60,985, 3
2026-06-19T14:47:28.517 162.6,109.9,-19.9,44.20,995, 3
2026-06-19T14:47:28.617 163.5,110.1,-20.1,43.28,1018, 3
2026-06-19T14:47:28.717 165.1,108.1,-18.1,43.28,1018, 3
2026-06-19T14:47:28.817 166.3,104.9,-14.9,43.36,1016, 3
2026-06-19T14:47:28.917 166.4,103.3,-13.3,43.16,1021, 3
2026-06-19T14:47:29.017 166.0,103.3,-13.3,42.80,1030, 3
2026-06-19T14:47:29.117 165.8,102.9,-12.9,42.48,1038, 3
2026-06-19T14:47:29.217 165.1,100.6,-10.6,42.36,1041, 3
2026-06-19T14:47:29.317 165.4,99.8,-9.8,42.28,1043, 3
2026-06-19T14:47:29.417 165.4,100.4,-10.4,42.20,1045, 3
2026-06-19T14:47:29.517 165.7,97.7,-7.7,42.40,1040, 3
2026-06-19T14:47:29.617 165.7,97.5,-7.5,42.52,1037, 3
2026-06-19T14:47:29.717 165.5,96.8,-6.8,42.52,1037, 3
2026-06-19T14:47:29.817 165.4,95.5,-5.5,42.64,1034, 3
2026-06-19T14:47:29.917 165.3,95.5,-5.5,43.12,1022, 3
2026-06-19T14:47:30.022 165.5,96.0,-6.0,43.12,1022, 3
2026-06-19T14:47:30.122 166.0,95.5,-5.5,43.32,1017, 3
2026-06-19T14:47:30.222 166.0,95.6,-5.6,43.56,1011, 3
2026-06-19T14:47:30.322 166.0,95.8,-5.8,43.44,1014, 3
2026-06-19T14:47:30.422 166.1,95.8,-5.8,43.92,1002, 3
2026-06-19T14:47:30.522 166.7,94.8,-4.8,43.84,1004, 3
2026-06-19T14:47:30.622 166.5,95.4,-5.4,43.76,1006, 3
2026-06-19T14:47:30.722 166.4,95.7,-5.7,43.68,1008, 3
2026-06-19T14:47:30.822 166.2,95.3,-5.3,43.72,1007, 3
2026-06-19T14:47:30.922 166.3,96.0,-6.0,43.52,1012, 3
2026-06-19T14:47:31.022 166.5,96.1,-6.1,43.76,1006, 3
2026-06-19T14:47:31.122 166.6,95.5,-5.5,43.96,1001, 3
2026-06-19T14:47:31.222 166.5,95.2,-5.2,43.88,1003, 3
2026-06-19T14:47:31.322 166.5,95.8,-5.8,43.72,1007, 3
2026-06-19T14:47:31.422 167.0,96.1,-6.1,44.04,999, 3
2026-06-19T14:47:31.522 167.1,96.3,-6.3,43.88,1003, 3
2026-06-19T14:47:31.622 167.0,95.9,-5.9,44.20,995, 3
2026-06-19T14:47:31.722 167.2,95.1,-5.1,45.00,975, 3
2026-06-19T14:47:31.822 167.5,98.0,-8.0,45.32,967, 3
# ---- session end   2026-06-19T14:47:31+0200  port=/dev/ttyACM0 baud=115200  fallback=GNSS ----
