# ---- session start 2026-06-19T14:00:10+0200  port=/dev/ttyACM0 baud=115200  fallback=GNSS ----
2026-06-19T14:00:11.949 BOOT
2026-06-19T14:00:13.450  
2026-06-19T14:00:13.453  
2026-06-19T14:00:13.455 >> CodeCell C6 v2.0.6 Booting.. 
2026-06-19T14:00:13.767 >> Initializing Sensors: Compass-Free Rotation Sensing Activated | 
2026-06-19T14:00:14.022 >> Reading Sensors:  Roll: 99.62°, Pitch: -98.40°, Yaw: -102.30° |
2026-06-19T14:00:14.025 >> Sampling Rate: 10Hz
2026-06-19T14:00:14.027 >> Power Status: Running from USB Power
2026-06-19T14:00:22.031 tasks started
2026-06-19T14:00:22.034 phi_deg,theta_deg,elev_deg,P_dBm,mv,cal
2026-06-19T14:00:22.036 waiting: haveP=1 haveAng=0 cal=3
2026-06-19T14:00:22.137 0.5,180.0,-98.7,32.52,1287, 3
2026-06-19T14:00:22.236 0.2,180.0,-98.7,33.20,1270, 3
2026-06-19T14:00:22.337 359.7,180.0,-98.9,33.40,1265, 3
2026-06-19T14:00:22.436 0.1,180.0,-98.7,33.12,1272, 3
2026-06-19T14:00:22.536 0.4,180.0,-98.9,32.60,1285, 3
2026-06-19T14:00:22.636 0.1,180.0,-98.9,32.84,1279, 3
2026-06-19T14:00:22.736 359.9,180.0,-99.0,33.20,1270, 3
2026-06-19T14:00:22.836 360.0,180.0,-99.0,34.28,1243, 3
2026-06-19T14:00:22.937 360.0,180.0,-99.2,34.08,1248, 3
2026-06-19T14:00:23.036 0.2,180.0,-99.0,33.84,1254, 3
2026-06-19T14:00:23.136 0.4,180.0,-98.6,32.80,1280, 3
2026-06-19T14:00:23.236 0.4,180.0,-98.7,33.24,1269, 3
2026-06-19T14:00:23.337 0.5,180.0,-98.8,32.56,1286, 3
2026-06-19T14:00:23.437 0.3,180.0,-98.8,33.40,1265, 3
2026-06-19T14:00:23.536 0.3,180.0,-98.6,33.00,1275, 3
2026-06-19T14:00:23.636 0.3,180.0,-98.7,33.80,1255, 3
2026-06-19T14:00:23.737 359.5,180.0,-98.7,34.60,1235, 3
2026-06-19T14:00:23.836 358.8,180.0,-99.0,34.28,1243, 3
2026-06-19T14:00:23.937 0.4,180.0,-98.8,35.28,1218, 3
2026-06-19T14:00:24.042 1.5,180.0,-98.0,36.88,1178, 3
2026-06-19T14:00:24.141 2.9,180.0,-98.1,34.80,1230, 3
2026-06-19T14:00:24.242 2.0,180.0,-98.0,35.44,1214, 3
2026-06-19T14:00:24.342 2.9,180.0,-98.1,34.60,1235, 3
2026-06-19T14:00:24.441 1.6,180.0,-98.6,34.64,1234, 3
2026-06-19T14:00:24.542 1.5,180.0,-98.1,35.08,1223, 3
2026-06-19T14:00:24.641 2.3,180.0,-97.4,34.12,1247, 3
2026-06-19T14:00:24.741 0.7,180.0,-98.5,35.48,1213, 3
2026-06-19T14:00:24.842 359.7,180.0,-98.8,34.60,1235, 3
2026-06-19T14:00:24.942 359.9,180.0,-98.7,35.32,1217, 3
2026-06-19T14:00:25.042 0.7,180.0,-98.7,34.88,1228, 3
2026-06-19T14:00:25.141 0.3,180.0,-98.9,35.12,1222, 3
2026-06-19T14:00:25.242 0.7,180.0,-99.0,35.36,1216, 3
2026-06-19T14:00:25.342 2.0,180.0,-98.3,35.52,1212, 3
2026-06-19T14:00:25.442 2.2,180.0,-98.1,35.56,1211, 3
2026-06-19T14:00:25.541 2.4,180.0,-99.1,36.08,1198, 3
2026-06-19T14:00:25.641 1.9,180.0,-99.1,35.08,1223, 3
2026-06-19T14:00:25.742 1.7,180.0,-98.6,35.72,1207, 3
2026-06-19T14:00:25.841 1.4,180.0,-98.4,35.20,1220, 3
2026-06-19T14:00:25.941 1.5,180.0,-97.8,34.04,1249, 3
2026-06-19T14:00:26.046 1.8,180.0,-97.9,34.04,1249, 3
2026-06-19T14:00:26.147 1.7,180.0,-97.8,33.60,1260, 3
2026-06-19T14:00:26.247 1.7,180.0,-98.5,33.92,1252, 3
2026-06-19T14:00:26.347 1.1,180.0,-98.8,34.36,1241, 3
2026-06-19T14:00:26.446 1.1,180.0,-98.6,33.64,1259, 3
2026-06-19T14:00:26.546 2.1,180.0,-98.6,34.12,1247, 3
2026-06-19T14:00:26.646 2.6,180.0,-98.4,33.16,1271, 3
2026-06-19T14:00:26.746 3.3,180.0,-98.4,33.60,1260, 3
2026-06-19T14:00:26.846 3.8,180.0,-98.7,33.92,1252, 3
2026-06-19T14:00:26.947 4.5,180.0,-98.1,35.44,1214, 3
2026-06-19T14:00:27.046 5.7,180.0,-97.8,34.60,1235, 3
2026-06-19T14:00:27.146 6.5,180.0,-97.2,33.84,1254, 3
2026-06-19T14:00:27.246 8.6,180.0,-95.9,33.48,1263, 3
2026-06-19T14:00:27.347 10.0,180.0,-96.4,35.56,1211, 3
2026-06-19T14:00:27.446 9.3,180.0,-96.8,36.64,1184, 3
2026-06-19T14:00:27.546 8.6,180.0,-97.1,37.84,1154, 3
2026-06-19T14:00:27.646 8.7,180.0,-99.1,37.28,1168, 3
2026-06-19T14:00:27.747 7.7,180.0,-99.0,38.12,1147, 3
2026-06-19T14:00:27.846 8.2,180.0,-99.5,39.48,1113, 3
2026-06-19T14:00:27.947 9.5,180.0,-99.5,38.76,1131, 3
2026-06-19T14:00:28.050 11.4,180.0,-98.7,39.08,1123, 3
2026-06-19T14:00:28.152 14.9,180.0,-98.1,39.32,1117, 3
2026-06-19T14:00:28.251 17.0,180.0,-97.9,39.64,1109, 3
2026-06-19T14:00:28.352 19.3,180.0,-99.1,39.60,1110, 3
2026-06-19T14:00:28.451 20.5,180.0,-98.9,39.36,1116, 3
2026-06-19T14:00:28.552 20.9,180.0,-98.3,39.04,1124, 3
2026-06-19T14:00:28.652 21.4,180.0,-100.0,40.04,1099, 3
2026-06-19T14:00:28.751 21.1,180.0,-98.5,40.44,1089, 3
2026-06-19T14:00:28.851 22.8,180.0,-98.2,41.20,1070, 3
2026-06-19T14:00:28.952 24.3,180.0,-97.9,41.24,1069, 3
2026-06-19T14:00:29.051 26.7,180.0,-97.9,42.32,1042, 3
2026-06-19T14:00:29.151 29.7,180.0,-99.4,42.64,1034, 3
2026-06-19T14:00:29.251 31.3,180.0,-98.6,43.44,1014, 3
2026-06-19T14:00:29.352 32.1,180.0,-98.3,43.48,1013, 3
2026-06-19T14:00:29.452 32.9,180.0,-97.4,43.48,1013, 3
2026-06-19T14:00:29.551 32.2,180.0,-98.5,43.44,1014, 3
2026-06-19T14:00:29.652 32.5,180.0,-97.7,43.36,1016, 3
2026-06-19T14:00:29.752 34.6,180.0,-98.2,43.76,1006, 3
2026-06-19T14:00:29.851 36.0,180.0,-97.7,43.72,1007, 3
2026-06-19T14:00:29.951 38.4,180.0,-97.2,43.52,1012, 3
2026-06-19T14:00:30.056 41.8,180.0,-99.0,43.24,1019, 3
2026-06-19T14:00:30.157 42.4,180.0,-99.2,43.80,1005, 3
2026-06-19T14:00:30.257 41.9,180.0,-98.4,44.00,1000, 3
2026-06-19T14:00:30.357 42.2,180.0,-97.4,43.72,1007, 3
2026-06-19T14:00:30.457 41.9,180.0,-98.3,43.84,1004, 3
2026-06-19T14:00:30.556 42.9,180.0,-97.1,44.36,991, 3
2026-06-19T14:00:30.656 44.6,180.0,-97.2,44.92,977, 3
2026-06-19T14:00:30.757 46.5,180.0,-96.2,45.60,960, 3
2026-06-19T14:00:30.856 49.1,180.0,-96.3,45.40,965, 3
2026-06-19T14:00:30.957 50.8,180.0,-97.8,45.44,964, 3
2026-06-19T14:00:31.056 51.0,180.0,-96.9,46.00,950, 3
2026-06-19T14:00:31.157 52.2,180.0,-96.4,45.20,970, 3
2026-06-19T14:00:31.257 54.1,180.0,-96.3,45.40,965, 3
2026-06-19T14:00:31.357 53.8,180.0,-96.1,46.24,944, 3
2026-06-19T14:00:31.457 55.8,180.0,-95.5,45.64,959, 3
2026-06-19T14:00:31.556 58.7,180.0,-96.9,45.60,960, 3
2026-06-19T14:00:31.657 60.5,180.0,-96.5,46.20,945, 3
2026-06-19T14:00:31.757 62.4,180.0,-97.6,46.32,942, 3
2026-06-19T14:00:31.856 63.6,180.0,-97.8,46.60,935, 3
2026-06-19T14:00:31.956 64.8,180.0,-96.7,46.48,938, 3
2026-06-19T14:00:32.061 66.4,180.0,-96.0,46.64,934, 3
2026-06-19T14:00:32.162 65.5,180.0,-96.6,47.20,920, 3
2026-06-19T14:00:32.261 65.9,180.0,-95.1,47.08,923, 3
2026-06-19T14:00:32.362 68.2,180.0,-95.3,46.92,927, 3
2026-06-19T14:00:32.461 69.9,180.0,-94.6,47.28,918, 3
2026-06-19T14:00:32.561 70.9,180.0,-94.4,47.28,918, 3
2026-06-19T14:00:32.661 74.2,180.0,-95.4,47.28,918, 3
2026-06-19T14:00:32.762 76.1,180.0,-95.6,47.64,909, 3
2026-06-19T14:00:32.861 76.4,180.0,-94.4,47.80,905, 3
2026-06-19T14:00:32.961 77.6,180.0,-93.9,47.72,907, 3
2026-06-19T14:00:33.060 78.5,180.0,-94.5,48.12,897, 3
2026-06-19T14:00:33.162 77.9,180.0,-94.3,48.00,900, 3
2026-06-19T14:00:33.262 78.7,180.0,-94.4,48.04,899, 3
2026-06-19T14:00:33.362 79.9,180.0,-94.2,47.96,901, 3
2026-06-19T14:00:33.461 81.4,180.0,-93.5,47.80,905, 3
2026-06-19T14:00:33.562 85.4,180.0,-93.8,48.48,888, 3
2026-06-19T14:00:33.661 86.7,180.0,-94.5,48.16,896, 3
2026-06-19T14:00:33.762 88.9,180.0,-96.9,48.12,897, 3
2026-06-19T14:00:33.861 90.0,180.0,-97.0,48.16,896, 3
2026-06-19T14:00:33.962 88.2,180.0,-94.7,48.24,894, 3
2026-06-19T14:00:34.067 87.6,180.0,-93.6,48.16,896, 3
2026-06-19T14:00:34.166 88.4,180.0,-93.6,48.36,891, 3
2026-06-19T14:00:34.267 88.9,180.0,-92.1,48.60,885, 3
2026-06-19T14:00:34.366 91.7,180.0,-91.4,48.08,898, 3
2026-06-19T14:00:34.466 94.5,180.0,-92.7,48.40,890, 3
2026-06-19T14:00:34.566 94.9,180.0,-92.6,48.20,895, 3
2026-06-19T14:00:34.667 95.4,180.0,-91.7,48.12,897, 3
2026-06-19T14:00:34.767 96.4,180.0,-91.1,48.00,900, 3
2026-06-19T14:00:34.867 96.4,180.0,-90.6,48.16,896, 3
2026-06-19T14:00:34.967 94.9,180.0,-90.5,48.28,893, 3
2026-06-19T14:00:35.067 95.0,180.0,-90.3,48.48,888, 3
2026-06-19T14:00:35.167 96.0,180.0,-91.3,48.36,891, 3
2026-06-19T14:00:35.266 96.5,180.0,-90.8,48.24,894, 3
2026-06-19T14:00:35.366 98.5,180.0,-90.7,48.36,891, 3
2026-06-19T14:00:35.466 100.9,180.0,-92.0,48.00,900, 3
2026-06-19T14:00:35.567 101.0,180.0,-91.7,48.28,893, 3
2026-06-19T14:00:35.667 101.8,180.0,-90.7,48.08,898, 3
2026-06-19T14:00:35.767 102.9,180.0,-92.3,48.56,886, 3
2026-06-19T14:00:35.867 102.5,180.0,-92.6,48.32,892, 3
2026-06-19T14:00:35.967 102.6,180.0,-91.4,48.76,881, 3
2026-06-19T14:00:36.072 104.4,180.0,-91.4,48.40,890, 3
2026-06-19T14:00:36.171 106.3,180.0,-90.9,48.04,899, 3
2026-06-19T14:00:36.272 108.4,180.0,-91.1,48.32,892, 3
2026-06-19T14:00:36.371 109.9,180.0,-91.8,48.24,894, 3
2026-06-19T14:00:36.472 110.6,180.0,-92.2,48.16,896, 3
2026-06-19T14:00:36.572 111.3,180.0,-91.9,47.60,910, 3
2026-06-19T14:00:36.672 111.8,180.0,-92.0,47.80,905, 3
2026-06-19T14:00:36.772 112.5,180.0,-92.0,47.68,908, 3
2026-06-19T14:00:36.871 113.1,180.0,-92.0,47.96,901, 3
2026-06-19T14:00:36.972 114.3,180.0,-92.6,47.72,907, 3
2026-06-19T14:00:37.072 116.6,180.0,-92.2,47.92,902, 3
2026-06-19T14:00:37.171 119.8,180.0,-92.6,47.72,907, 3
2026-06-19T14:00:37.271 122.0,180.0,-93.3,47.68,908, 3
2026-06-19T14:00:37.372 121.8,180.0,-93.0,48.24,894, 3
2026-06-19T14:00:37.472 121.2,180.0,-93.1,47.48,913, 3
2026-06-19T14:00:37.571 122.0,180.0,-93.5,47.52,912, 3
2026-06-19T14:00:37.672 120.6,180.0,-94.8,47.68,908, 3
2026-06-19T14:00:37.772 120.0,180.0,-95.2,47.52,912, 3
2026-06-19T14:00:37.872 121.0,180.0,-95.6,47.68,908, 3
2026-06-19T14:00:37.972 123.1,180.0,-95.7,47.64,909, 3
2026-06-19T14:00:38.076 125.2,180.0,-95.5,47.20,920, 3
2026-06-19T14:00:38.176 126.9,180.0,-96.4,46.64,934, 3
2026-06-19T14:00:38.277 127.9,180.0,-96.6,46.64,934, 3
2026-06-19T14:00:38.377 129.3,180.0,-96.6,46.96,926, 3
2026-06-19T14:00:38.477 129.5,180.0,-97.3,46.44,939, 3
2026-06-19T14:00:38.577 129.5,180.0,-96.6,46.32,942, 3
2026-06-19T14:00:38.677 130.3,180.0,-96.5,46.20,945, 3
2026-06-19T14:00:38.777 131.4,180.0,-95.7,45.84,954, 3
2026-06-19T14:00:38.876 132.6,180.0,-94.6,45.84,954, 3
2026-06-19T14:00:38.976 134.6,180.0,-94.4,45.24,969, 3
2026-06-19T14:00:39.077 135.8,180.0,-95.3,45.32,967, 3
2026-06-19T14:00:39.177 136.1,180.0,-95.7,45.16,971, 3
2026-06-19T14:00:39.277 136.5,180.0,-95.9,45.52,962, 3
2026-06-19T14:00:39.377 136.3,180.0,-96.6,45.20,970, 3
2026-06-19T14:00:39.477 135.4,180.0,-96.5,44.92,977, 3
2026-06-19T14:00:39.576 135.7,180.0,-96.4,45.24,969, 3
2026-06-19T14:00:39.677 136.5,180.0,-96.9,44.80,980, 3
2026-06-19T14:00:39.777 137.8,180.0,-96.5,45.04,974, 3
2026-06-19T14:00:39.877 139.9,180.0,-96.8,44.76,981, 3
2026-06-19T14:00:39.977 142.5,180.0,-97.0,44.68,983, 3
2026-06-19T14:00:40.082 144.0,180.0,-97.6,44.12,997, 3
2026-06-19T14:00:40.181 145.1,180.0,-98.0,44.04,999, 3
2026-06-19T14:00:40.282 146.1,180.0,-98.3,44.04,999, 3
2026-06-19T14:00:40.381 146.6,180.0,-99.1,43.28,1018, 3
2026-06-19T14:00:40.481 146.9,180.0,-99.5,43.20,1020, 3
2026-06-19T14:00:40.582 147.8,180.0,-99.7,42.68,1033, 3
2026-06-19T14:00:40.681 148.9,180.0,-99.9,42.60,1035, 3
2026-06-19T14:00:40.781 149.7,180.0,-100.5,42.28,1043, 3
2026-06-19T14:00:40.881 150.7,180.0,-100.5,42.48,1038, 3
2026-06-19T14:00:40.981 151.6,180.0,-100.8,42.04,1049, 3
2026-06-19T14:00:41.082 152.1,180.0,-101.1,41.56,1061, 3
2026-06-19T14:00:41.181 152.8,180.0,-100.9,41.40,1065, 3
2026-06-19T14:00:41.282 153.9,180.0,-100.8,41.24,1069, 3
2026-06-19T14:00:41.382 154.8,180.0,-100.9,41.52,1062, 3
2026-06-19T14:00:41.482 155.8,180.0,-100.8,40.76,1081, 3
2026-06-19T14:00:41.582 155.8,180.0,-101.4,40.84,1079, 3
2026-06-19T14:00:41.681 156.1,180.0,-101.5,40.52,1087, 3
2026-06-19T14:00:41.781 156.5,180.0,-101.3,41.20,1070, 3
2026-06-19T14:00:41.882 157.3,180.0,-101.3,40.88,1078, 3
2026-06-19T14:00:41.982 158.0,180.0,-101.4,40.84,1079, 3
2026-06-19T14:00:42.086 158.5,180.0,-101.6,40.16,1096, 3
2026-06-19T14:00:42.186 158.8,180.0,-102.0,39.72,1107, 3
2026-06-19T14:00:42.287 157.9,180.0,-104.8,40.16,1096, 3
2026-06-19T14:00:42.386 156.8,180.0,-106.4,39.52,1112, 3
2026-06-19T14:00:42.487 156.4,180.0,-107.4,38.96,1126, 3
2026-06-19T14:00:42.587 156.6,180.0,-108.0,39.20,1120, 3
2026-06-19T14:00:42.687 157.1,180.0,-108.5,38.96,1126, 3
2026-06-19T14:00:42.786 157.5,180.0,-108.9,39.32,1117, 3
2026-06-19T14:00:42.887 158.1,180.0,-108.6,38.92,1127, 3
2026-06-19T14:00:42.986 159.4,180.0,-107.8,38.60,1135, 3
2026-06-19T14:00:43.086 159.8,180.0,-107.9,38.56,1136, 3
2026-06-19T14:00:43.186 160.1,180.0,-108.3,39.12,1122, 3
2026-06-19T14:00:43.287 160.0,180.0,-108.9,37.84,1154, 3
2026-06-19T14:00:43.387 160.2,180.0,-109.3,36.68,1183, 3
2026-06-19T14:00:43.486 160.0,180.0,-109.5,36.48,1188, 3
2026-06-19T14:00:43.586 159.8,180.0,-109.4,35.16,1221, 3
2026-06-19T14:00:43.687 159.6,180.0,-109.3,33.72,1257, 3
2026-06-19T14:00:43.787 160.0,180.0,-108.8,34.00,1250, 3
2026-06-19T14:00:43.887 160.4,180.0,-108.3,33.76,1256, 3
2026-06-19T14:00:43.987 161.9,180.0,-106.7,34.08,1248, 3
2026-06-19T14:00:44.092 162.4,180.0,-106.4,34.24,1244, 3
2026-06-19T14:00:44.192 163.1,180.0,-105.7,33.68,1258, 3
2026-06-19T14:00:44.292 163.2,180.0,-105.9,31.80,1305, 3
2026-06-19T14:00:44.392 164.1,180.0,-105.7,31.96,1301, 3
2026-06-19T14:00:44.492 165.2,180.0,-105.0,34.56,1236, 3
2026-06-19T14:00:44.592 165.3,180.0,-104.8,32.44,1289, 3
2026-06-19T14:00:44.691 165.2,180.0,-104.7,32.08,1298, 3
2026-06-19T14:00:44.791 165.8,180.0,-104.7,34.20,1245, 3
2026-06-19T14:00:44.892 166.5,180.0,-105.0,33.12,1272, 3
2026-06-19T14:00:44.992 166.5,180.0,-105.0,33.28,1268, 3
2026-06-19T14:00:45.091 166.1,180.0,-105.2,32.92,1277, 3
2026-06-19T14:00:45.191 166.4,180.0,-105.4,33.16,1271, 3
2026-06-19T14:00:45.291 166.6,180.0,-105.4,33.04,1274, 3
2026-06-19T14:00:45.392 166.6,180.0,-105.5,32.16,1296, 3
2026-06-19T14:00:45.492 166.5,180.0,-105.6,33.24,1269, 3
2026-06-19T14:00:45.592 166.5,180.0,-105.5,33.08,1273, 3
2026-06-19T14:00:45.692 166.6,180.0,-105.6,32.36,1291, 3
2026-06-19T14:00:45.792 166.6,180.0,-105.5,31.68,1308, 3
2026-06-19T14:00:45.892 166.5,180.0,-105.5,30.60,1335, 3
2026-06-19T14:00:45.992 166.4,180.0,-105.6,30.96,1326, 3
2026-06-19T14:00:46.097 166.9,180.0,-105.2,32.40,1290, 3
2026-06-19T14:00:46.197 166.9,180.0,-105.0,31.48,1313, 3
2026-06-19T14:00:46.296 167.0,180.0,-105.0,33.24,1269, 3
2026-06-19T14:00:46.397 167.2,180.0,-105.1,32.80,1280, 3
2026-06-19T14:00:46.497 167.2,180.0,-105.2,32.80,1280, 3
2026-06-19T14:00:46.597 167.2,180.0,-105.3,33.28,1268, 3
2026-06-19T14:00:46.697 167.1,180.0,-105.4,33.36,1266, 3
2026-06-19T14:00:46.797 166.9,180.0,-105.4,33.00,1275, 3
2026-06-19T14:00:46.897 166.7,180.0,-105.4,32.68,1283, 3
2026-06-19T14:00:46.997 166.6,180.0,-105.4,31.88,1303, 3
2026-06-19T14:00:47.097 166.5,180.0,-105.5,31.36,1316, 3
2026-06-19T14:00:47.197 166.4,180.0,-105.7,30.24,1344, 3
2026-06-19T14:00:47.297 166.3,180.0,-105.7,31.00,1325, 3
2026-06-19T14:00:47.397 165.9,180.0,-105.9,30.88,1328, 3
2026-06-19T14:00:47.497 165.4,180.0,-106.0,30.00,1350, 3
2026-06-19T14:00:47.596 165.4,180.0,-106.0,28.28,1393, 3
2026-06-19T14:00:47.697 165.7,180.0,-105.9,29.88,1353, 3
2026-06-19T14:00:47.797 165.6,180.0,-105.6,29.88,1353, 3
2026-06-19T14:00:47.897 165.6,180.0,-105.6,29.04,1374, 3
2026-06-19T14:00:47.997 165.5,180.0,-105.5,29.64,1359, 3
2026-06-19T14:00:48.101 165.3,180.0,-105.6,28.04,1399, 3
2026-06-19T14:00:48.201 165.4,180.0,-105.3,29.56,1361, 3
2026-06-19T14:00:48.301 165.7,180.0,-105.3,29.28,1368, 3
2026-06-19T14:00:48.401 165.5,180.0,-105.5,28.44,1389, 3
2026-06-19T14:00:48.501 165.8,180.0,-105.4,28.88,1378, 3
2026-06-19T14:00:48.602 165.9,180.0,-105.4,29.80,1355, 3
# ---- session end   2026-06-19T14:00:48+0200  port=/dev/ttyACM0 baud=115200  fallback=GNSS ----
