# ---- session start 2026-06-19T14:50:29+0200  port=/dev/ttyACM0 baud=115200  fallback=GNSS ----
2026-06-19T14:50:32.526 tasks started
2026-06-19T14:50:32.530 phi_deg,theta_deg,elev_deg,P_dBm,mv,cal
2026-06-19T14:50:32.533 waiting: haveP=1 haveAng=0 cal=3
2026-06-19T14:50:32.630 0.5,157.0,-67.0,47.64,909, 3
2026-06-19T14:50:32.730 0.7,156.7,-66.7,47.64,909, 3
2026-06-19T14:50:32.830 0.5,157.0,-67.0,47.68,908, 3
2026-06-19T14:50:32.930 359.8,157.2,-67.2,47.40,915, 3
2026-06-19T14:50:33.030 359.6,157.3,-67.3,47.44,914, 3
2026-06-19T14:50:33.130 0.2,156.7,-66.7,47.44,914, 3
2026-06-19T14:50:33.230 1.0,155.9,-65.9,47.44,914, 3
2026-06-19T14:50:33.330 1.3,155.9,-65.9,47.80,905, 3
2026-06-19T14:50:33.430 1.8,155.6,-65.6,47.88,903, 3
2026-06-19T14:50:33.530 1.8,155.5,-65.5,47.64,909, 3
2026-06-19T14:50:33.630 1.2,156.0,-66.0,47.68,908, 3
2026-06-19T14:50:33.730 1.1,156.0,-66.0,47.68,908, 3
2026-06-19T14:50:33.830 1.4,155.9,-65.9,47.48,913, 3
2026-06-19T14:50:33.930 1.4,155.9,-65.9,47.88,903, 3
2026-06-19T14:50:34.030 0.7,156.8,-66.8,47.92,902, 3
2026-06-19T14:50:34.130 0.9,156.8,-66.8,47.68,908, 3
2026-06-19T14:50:34.230 1.4,156.3,-66.3,47.56,911, 3
2026-06-19T14:50:34.330 1.1,156.6,-66.6,47.92,902, 3
2026-06-19T14:50:34.430 0.7,157.0,-67.0,47.64,909, 3
2026-06-19T14:50:34.535 1.2,156.6,-66.6,47.40,915, 3
2026-06-19T14:50:34.635 1.8,156.2,-66.2,47.64,909, 3
2026-06-19T14:50:34.735 2.1,156.5,-66.5,47.80,905, 3
2026-06-19T14:50:34.835 3.2,155.8,-65.8,47.60,910, 3
2026-06-19T14:50:34.934 2.8,156.4,-66.4,47.72,907, 3
2026-06-19T14:50:35.034 1.3,157.6,-67.6,47.80,905, 3
2026-06-19T14:50:35.134 0.9,157.8,-67.8,47.52,912, 3
2026-06-19T14:50:35.235 1.1,157.7,-67.7,48.00,900, 3
2026-06-19T14:50:35.335 1.4,158.0,-68.0,47.88,903, 3
2026-06-19T14:50:35.435 1.5,158.0,-68.0,47.96,901, 3
2026-06-19T14:50:35.535 1.7,157.7,-67.7,47.92,902, 3
2026-06-19T14:50:35.634 2.3,157.1,-67.1,47.92,902, 3
2026-06-19T14:50:35.734 2.5,156.5,-66.5,48.04,899, 3
2026-06-19T14:50:35.835 2.2,157.0,-67.0,47.76,906, 3
2026-06-19T14:50:35.934 1.9,157.1,-67.1,47.52,912, 3
2026-06-19T14:50:36.035 2.2,157.2,-67.2,47.64,909, 3
2026-06-19T14:50:36.134 2.2,157.1,-67.1,47.68,908, 3
2026-06-19T14:50:36.235 2.4,157.0,-67.0,47.56,911, 3
2026-06-19T14:50:36.335 2.5,156.6,-66.6,47.48,913, 3
2026-06-19T14:50:36.435 2.3,156.9,-66.9,47.44,914, 3
2026-06-19T14:50:36.540 3.6,156.3,-66.3,47.56,911, 3
2026-06-19T14:50:36.639 4.3,155.7,-65.7,47.80,905, 3
2026-06-19T14:50:36.740 3.9,156.3,-66.3,47.80,905, 3
2026-06-19T14:50:36.841 3.9,156.5,-66.5,47.80,905, 3
2026-06-19T14:50:36.940 4.7,156.3,-66.3,47.48,913, 3
2026-06-19T14:50:37.040 6.2,155.0,-65.0,47.44,914, 3
2026-06-19T14:50:37.140 6.7,154.7,-64.7,47.72,907, 3
2026-06-19T14:50:37.240 7.0,155.0,-65.0,47.28,918, 3
2026-06-19T14:50:37.340 7.4,155.2,-65.2,47.44,914, 3
2026-06-19T14:50:37.440 7.9,154.8,-64.8,47.72,907, 3
2026-06-19T14:50:37.540 8.7,154.2,-64.2,47.64,909, 3
2026-06-19T14:50:37.640 10.2,153.5,-63.5,47.52,912, 3
2026-06-19T14:50:37.740 11.4,153.2,-63.2,47.36,916, 3
2026-06-19T14:50:37.840 11.5,153.8,-63.8,47.08,923, 3
2026-06-19T14:50:37.940 11.4,154.0,-64.0,46.84,929, 3
2026-06-19T14:50:38.040 13.0,152.7,-62.7,46.60,935, 3
2026-06-19T14:50:38.140 14.4,151.8,-61.8,47.00,925, 3
2026-06-19T14:50:38.240 14.8,151.1,-61.1,46.56,936, 3
2026-06-19T14:50:38.340 14.6,151.5,-61.5,46.48,938, 3
2026-06-19T14:50:38.440 14.8,152.5,-62.5,46.24,944, 3
2026-06-19T14:50:38.545 15.6,152.2,-62.2,45.80,955, 3
2026-06-19T14:50:38.645 16.1,152.4,-62.4,45.84,954, 3
2026-06-19T14:50:38.745 16.5,152.9,-62.9,45.84,954, 3
2026-06-19T14:50:38.845 17.4,152.9,-62.9,46.16,946, 3
2026-06-19T14:50:38.945 18.3,152.8,-62.8,46.16,946, 3
2026-06-19T14:50:39.045 19.5,151.4,-61.4,46.20,945, 3
2026-06-19T14:50:39.145 19.5,151.7,-61.7,46.20,945, 3
2026-06-19T14:50:39.245 18.7,152.4,-62.4,46.08,948, 3
2026-06-19T14:50:39.345 17.9,152.7,-62.7,46.04,949, 3
2026-06-19T14:50:39.445 17.6,152.5,-62.5,45.80,955, 3
2026-06-19T14:50:39.545 19.0,151.5,-61.5,45.72,957, 3
2026-06-19T14:50:39.645 19.7,151.5,-61.5,45.96,951, 3
2026-06-19T14:50:39.745 19.8,152.5,-62.5,45.92,952, 3
2026-06-19T14:50:39.845 20.6,152.7,-62.7,45.72,957, 3
2026-06-19T14:50:39.945 21.9,152.6,-62.6,45.60,960, 3
2026-06-19T14:50:40.045 22.6,153.3,-63.3,45.00,975, 3
2026-06-19T14:50:40.145 23.3,153.6,-63.6,45.08,973, 3
2026-06-19T14:50:40.245 24.1,154.4,-64.4,45.12,972, 3
2026-06-19T14:50:40.345 25.2,154.2,-64.2,44.84,979, 3
2026-06-19T14:50:40.445 26.5,153.9,-63.9,45.16,971, 3
2026-06-19T14:50:40.549 27.3,154.0,-64.0,45.28,968, 3
2026-06-19T14:50:40.650 28.3,153.7,-63.7,45.32,967, 3
2026-06-19T14:50:40.750 29.5,153.4,-63.4,45.72,957, 3
2026-06-19T14:50:40.849 30.8,152.8,-62.8,45.52,962, 3
2026-06-19T14:50:40.949 32.1,152.1,-62.1,45.60,960, 3
2026-06-19T14:50:41.049 33.2,151.6,-61.6,45.08,973, 3
2026-06-19T14:50:41.149 33.9,151.7,-61.7,45.16,971, 3
2026-06-19T14:50:41.249 34.9,150.8,-60.8,44.84,979, 3
2026-06-19T14:50:41.350 35.7,150.7,-60.7,44.28,993, 3
2026-06-19T14:50:41.450 36.7,151.2,-61.2,44.08,998, 3
2026-06-19T14:50:41.550 37.3,150.7,-60.7,43.68,1008, 3
2026-06-19T14:50:41.650 37.6,151.9,-61.9,43.56,1011, 3
2026-06-19T14:50:41.749 39.1,151.5,-61.5,43.68,1008, 3
2026-06-19T14:50:41.849 41.4,150.2,-60.2,43.72,1007, 3
2026-06-19T14:50:41.949 42.3,150.3,-60.3,43.32,1017, 3
2026-06-19T14:50:42.049 43.1,150.6,-60.6,43.40,1015, 3
2026-06-19T14:50:42.149 43.7,151.5,-61.5,43.00,1025, 3
2026-06-19T14:50:42.250 44.2,152.1,-62.1,42.84,1029, 3
2026-06-19T14:50:42.350 45.9,151.4,-61.4,42.84,1029, 3
2026-06-19T14:50:42.449 47.8,150.8,-60.8,43.20,1020, 3
2026-06-19T14:50:42.555 49.5,150.1,-60.1,42.68,1033, 3
2026-06-19T14:50:42.655 51.1,149.3,-59.3,42.48,1038, 3
2026-06-19T14:50:42.755 52.3,148.4,-58.4,42.32,1042, 3
2026-06-19T14:50:42.855 53.7,148.0,-58.0,42.44,1039, 3
2026-06-19T14:50:42.955 54.5,147.7,-57.7,42.04,1049, 3
2026-06-19T14:50:43.055 55.1,148.1,-58.1,41.92,1052, 3
2026-06-19T14:50:43.155 56.8,147.8,-57.8,41.76,1056, 3
2026-06-19T14:50:43.255 58.7,147.9,-57.9,41.56,1061, 3
2026-06-19T14:50:43.354 59.3,149.3,-59.3,41.24,1069, 3
2026-06-19T14:50:43.455 59.5,150.8,-60.8,40.56,1086, 3
2026-06-19T14:50:43.555 60.4,151.2,-61.2,40.60,1085, 3
2026-06-19T14:50:43.655 62.4,150.4,-60.4,40.68,1083, 3
2026-06-19T14:50:43.755 63.0,151.0,-61.0,40.16,1096, 3
2026-06-19T14:50:43.855 64.1,150.7,-60.7,40.00,1100, 3
2026-06-19T14:50:43.955 65.4,150.9,-60.9,39.64,1109, 3
2026-06-19T14:50:44.054 66.6,150.4,-60.4,39.76,1106, 3
2026-06-19T14:50:44.155 67.1,152.3,-62.3,38.96,1126, 3
2026-06-19T14:50:44.255 68.2,153.0,-63.0,39.48,1113, 3
2026-06-19T14:50:44.355 70.0,153.1,-63.1,39.16,1121, 3
2026-06-19T14:50:44.455 71.6,152.0,-62.0,38.76,1131, 3
2026-06-19T14:50:44.559 71.8,153.0,-63.0,38.88,1128, 3
2026-06-19T14:50:44.660 73.0,152.5,-62.5,38.76,1131, 3
2026-06-19T14:50:44.760 75.0,151.8,-61.8,38.44,1139, 3
2026-06-19T14:50:44.860 77.3,150.1,-60.1,38.56,1136, 3
2026-06-19T14:50:44.960 78.2,149.4,-59.4,37.88,1153, 3
2026-06-19T14:50:45.060 78.6,149.6,-59.6,37.28,1168, 3
2026-06-19T14:50:45.160 79.0,149.5,-59.5,36.88,1178, 3
2026-06-19T14:50:45.260 79.8,149.8,-59.8,36.36,1191, 3
2026-06-19T14:50:45.360 81.8,149.5,-59.5,36.92,1177, 3
2026-06-19T14:50:45.460 84.2,149.1,-59.1,36.60,1185, 3
2026-06-19T14:50:45.560 85.8,148.5,-58.5,36.40,1190, 3
2026-06-19T14:50:45.660 87.1,148.3,-58.3,35.84,1204, 3
2026-06-19T14:50:45.760 89.6,146.7,-56.7,35.56,1211, 3
2026-06-19T14:50:45.860 91.6,145.7,-55.7,35.68,1208, 3
2026-06-19T14:50:45.960 93.2,144.8,-54.8,35.12,1222, 3
2026-06-19T14:50:46.060 94.7,143.2,-53.2,34.88,1228, 3
2026-06-19T14:50:46.160 95.4,143.0,-53.0,34.96,1226, 3
2026-06-19T14:50:46.260 96.7,142.3,-52.3,35.32,1217, 3
2026-06-19T14:50:46.360 98.7,140.3,-50.3,34.32,1242, 3
2026-06-19T14:50:46.460 99.3,139.8,-49.8,34.52,1237, 3
2026-06-19T14:50:46.565 100.3,138.8,-48.8,34.72,1232, 3
2026-06-19T14:50:46.665 100.6,139.4,-49.4,32.72,1282, 3
2026-06-19T14:50:46.765 102.0,139.5,-49.5,32.44,1289, 3
2026-06-19T14:50:46.865 104.4,138.4,-48.4,33.24,1269, 3
2026-06-19T14:50:46.965 105.3,138.7,-48.7,31.20,1320, 3
2026-06-19T14:50:47.065 106.2,137.7,-47.7,32.08,1298, 3
2026-06-19T14:50:47.165 108.0,136.3,-46.3,31.80,1305, 3
2026-06-19T14:50:47.265 108.4,136.1,-46.1,31.24,1319, 3
2026-06-19T14:50:47.365 108.9,135.1,-45.1,30.44,1339, 3
2026-06-19T14:50:47.465 110.1,134.9,-44.9,30.28,1343, 3
2026-06-19T14:50:47.565 111.6,133.0,-43.0,30.40,1340, 3
2026-06-19T14:50:47.665 113.2,131.4,-41.4,29.48,1363, 3
2026-06-19T14:50:47.765 113.6,132.1,-42.1,30.24,1344, 3
2026-06-19T14:50:47.865 113.8,132.6,-42.6,29.88,1353, 3
2026-06-19T14:50:47.965 115.1,132.1,-42.1,30.48,1338, 3
2026-06-19T14:50:48.065 116.2,132.8,-42.8,30.24,1344, 3
2026-06-19T14:50:48.165 116.9,133.0,-43.0,30.56,1336, 3
2026-06-19T14:50:48.265 118.2,132.2,-42.2,30.84,1329, 3
2026-06-19T14:50:48.365 119.1,131.3,-41.3,29.52,1362, 3
2026-06-19T14:50:48.465 119.3,131.6,-41.6,29.48,1363, 3
2026-06-19T14:50:48.570 119.8,130.7,-40.7,28.76,1381, 3
2026-06-19T14:50:48.670 120.8,129.6,-39.6,29.48,1363, 3
2026-06-19T14:50:48.770 121.9,130.0,-40.0,29.12,1372, 3
2026-06-19T14:50:48.870 122.8,130.2,-40.2,29.56,1361, 3
2026-06-19T14:50:48.970 123.1,131.5,-41.5,28.60,1385, 3
2026-06-19T14:50:49.069 123.5,132.3,-42.3,27.76,1406, 3
2026-06-19T14:50:49.169 124.9,131.9,-41.9,27.36,1416, 3
2026-06-19T14:50:49.270 127.1,130.9,-40.9,28.52,1387, 3
2026-06-19T14:50:49.370 129.1,130.1,-40.1,28.04,1399, 3
2026-06-19T14:50:49.469 130.4,128.7,-38.7,27.56,1411, 3
2026-06-19T14:50:49.569 131.4,127.3,-37.3,27.08,1423, 3
2026-06-19T14:50:49.669 132.4,126.8,-36.8,27.76,1406, 3
2026-06-19T14:50:49.769 134.2,124.4,-34.4,25.60,1460, 3
2026-06-19T14:50:49.870 134.7,123.3,-33.3,27.44,1414, 3
2026-06-19T14:50:49.970 134.2,123.6,-33.6,27.04,1424, 3
2026-06-19T14:50:50.070 134.7,122.8,-32.8,28.68,1383, 3
2026-06-19T14:50:50.170 135.4,122.8,-32.8,28.48,1388, 3
2026-06-19T14:50:50.270 135.9,120.9,-30.9,27.56,1411, 3
2026-06-19T14:50:50.370 137.1,120.6,-30.6,28.52,1387, 3
2026-06-19T14:50:50.469 139.1,119.3,-29.3,27.76,1406, 3
2026-06-19T14:50:50.575 140.1,118.2,-28.2,28.40,1390, 3
2026-06-19T14:50:50.675 139.7,118.7,-28.7,28.20,1395, 3
2026-06-19T14:50:50.775 140.5,117.6,-27.6,28.40,1390, 3
2026-06-19T14:50:50.876 140.9,116.6,-26.6,29.24,1369, 3
2026-06-19T14:50:50.975 140.6,117.0,-27.0,28.44,1389, 3
2026-06-19T14:50:51.075 140.5,117.9,-27.9,28.12,1397, 3
2026-06-19T14:50:51.175 141.3,118.5,-28.5,28.40,1390, 3
2026-06-19T14:50:51.275 143.3,118.7,-28.7,27.00,1425, 3
2026-06-19T14:50:51.375 144.7,119.7,-29.7,27.32,1417, 3
2026-06-19T14:50:51.475 146.4,119.5,-29.5,27.48,1413, 3
2026-06-19T14:50:51.575 147.2,119.9,-29.9,28.08,1398, 3
2026-06-19T14:50:51.675 147.3,120.6,-30.6,26.88,1428, 3
2026-06-19T14:50:51.775 147.7,121.4,-31.4,26.12,1447, 3
2026-06-19T14:50:51.875 148.8,121.4,-31.4,26.20,1445, 3
2026-06-19T14:50:51.976 149.7,120.6,-30.6,26.16,1446, 3
2026-06-19T14:50:52.075 149.9,120.9,-30.9,26.56,1436, 3
2026-06-19T14:50:52.175 150.3,121.5,-31.5,27.68,1408, 3
2026-06-19T14:50:52.275 152.1,120.7,-30.7,28.20,1395, 3
2026-06-19T14:50:52.375 154.3,120.8,-30.8,27.32,1417, 3
2026-06-19T14:50:52.476 155.9,121.3,-31.3,26.76,1431, 3
2026-06-19T14:50:52.580 157.1,122.0,-32.0,27.16,1421, 3
2026-06-19T14:50:52.680 158.4,121.1,-31.1,27.44,1414, 3
2026-06-19T14:50:52.780 158.8,121.0,-31.0,27.48,1413, 3
2026-06-19T14:50:52.880 159.5,121.8,-31.8,27.40,1415, 3
2026-06-19T14:50:52.980 161.5,120.0,-30.0,28.48,1388, 3
2026-06-19T14:50:53.080 161.6,120.4,-30.4,28.44,1389, 3
2026-06-19T14:50:53.180 160.2,122.6,-32.6,27.08,1423, 3
2026-06-19T14:50:53.280 159.9,124.4,-34.4,28.20,1395, 3
2026-06-19T14:50:53.380 162.8,124.3,-34.3,27.28,1418, 3
2026-06-19T14:50:53.480 165.7,124.1,-34.1,28.04,1399, 3
2026-06-19T14:50:53.580 166.6,126.1,-36.1,27.84,1404, 3
2026-06-19T14:50:53.680 165.6,127.8,-37.8,27.72,1407, 3
2026-06-19T14:50:53.780 165.8,128.4,-38.4,27.64,1409, 3
2026-06-19T14:50:53.880 167.9,127.2,-37.2,28.28,1393, 3
2026-06-19T14:50:53.980 169.8,125.5,-35.5,28.72,1382, 3
2026-06-19T14:50:54.080 169.7,125.3,-35.3,27.84,1404, 3
2026-06-19T14:50:54.180 169.4,125.9,-35.9,28.32,1392, 3
2026-06-19T14:50:54.280 170.4,125.5,-35.5,27.88,1403, 3
2026-06-19T14:50:54.380 172.5,125.2,-35.2,29.12,1372, 3
2026-06-19T14:50:54.480 174.1,126.0,-36.0,27.44,1414, 3
2026-06-19T14:50:54.585 174.7,128.3,-38.3,29.08,1373, 3
2026-06-19T14:50:54.685 175.0,130.8,-40.8,27.64,1409, 3
2026-06-19T14:50:54.785 177.2,130.8,-40.8,27.68,1408, 3
2026-06-19T14:50:54.884 179.5,128.9,-38.9,28.60,1385, 3
2026-06-19T14:50:54.985 182.0,127.7,-37.7,28.44,1389, 3
2026-06-19T14:50:55.085 183.6,127.4,-37.4,28.12,1397, 3
2026-06-19T14:50:55.185 183.4,127.3,-37.3,27.76,1406, 3
2026-06-19T14:50:55.285 182.1,129.1,-39.1,27.88,1403, 3
2026-06-19T14:50:55.385 182.2,128.6,-38.6,28.84,1379, 3
2026-06-19T14:50:55.485 182.7,127.3,-37.3,26.80,1430, 3
2026-06-19T14:50:55.585 182.8,126.9,-36.9,27.92,1402, 3
2026-06-19T14:50:55.684 183.7,127.1,-37.1,28.60,1385, 3
2026-06-19T14:50:55.784 184.1,127.2,-37.2,28.96,1376, 3
2026-06-19T14:50:55.885 184.2,128.1,-38.1,28.36,1391, 3
2026-06-19T14:50:55.985 184.7,127.2,-37.2,27.84,1404, 3
2026-06-19T14:50:56.085 184.7,127.4,-37.4,27.88,1403, 3
2026-06-19T14:50:56.184 184.7,128.1,-38.1,26.80,1430, 3
2026-06-19T14:50:56.285 186.2,128.5,-38.5,25.96,1451, 3
2026-06-19T14:50:56.385 187.8,128.7,-38.7,26.40,1440, 3
2026-06-19T14:50:56.485 189.7,129.6,-39.6,25.48,1463, 3
2026-06-19T14:50:56.590 190.6,131.0,-41.0,23.00,1525, 3
2026-06-19T14:50:56.690 190.8,134.4,-44.4,24.00,1500, 3
2026-06-19T14:50:56.790 192.5,136.8,-46.8,25.12,1472, 3
2026-06-19T14:50:56.890 196.2,135.8,-45.8,24.32,1492, 3
2026-06-19T14:50:56.990 198.1,135.6,-45.6,25.36,1466, 3
2026-06-19T14:50:57.090 198.2,135.9,-45.9,24.28,1493, 3
2026-06-19T14:50:57.190 197.8,137.3,-47.3,25.64,1459, 3
2026-06-19T14:50:57.290 198.9,136.7,-46.7,26.24,1444, 3
2026-06-19T14:50:57.390 200.0,135.8,-45.8,27.68,1408, 3
2026-06-19T14:50:57.490 199.2,137.7,-47.7,25.44,1464, 3
2026-06-19T14:50:57.590 199.0,138.8,-48.8,26.80,1430, 3
2026-06-19T14:50:57.690 201.2,138.7,-48.7,26.20,1445, 3
2026-06-19T14:50:57.790 203.5,137.3,-47.3,28.36,1391, 3
2026-06-19T14:50:57.890 205.0,137.9,-47.9,28.48,1388, 3
2026-06-19T14:50:57.990 206.6,137.4,-47.4,29.12,1372, 3
2026-06-19T14:50:58.090 207.1,137.8,-47.8,28.32,1392, 3
2026-06-19T14:50:58.190 206.9,137.5,-47.5,26.20,1445, 3
2026-06-19T14:50:58.290 207.7,135.3,-45.3,26.92,1427, 3
2026-06-19T14:50:58.390 209.3,134.2,-44.2,28.48,1388, 3
2026-06-19T14:50:58.490 208.9,135.8,-45.8,29.24,1369, 3
2026-06-19T14:50:58.595 208.3,137.2,-47.2,27.48,1413, 3
2026-06-19T14:50:58.695 208.3,138.8,-48.8,26.76,1431, 3
2026-06-19T14:50:58.795 210.6,138.6,-48.6,25.92,1452, 3
2026-06-19T14:50:58.895 213.2,138.0,-48.0,27.32,1417, 3
2026-06-19T14:50:58.995 215.4,137.6,-47.6,28.36,1391, 3
2026-06-19T14:50:59.095 218.0,137.4,-47.4,27.16,1421, 3
2026-06-19T14:50:59.195 220.6,136.5,-46.5,30.12,1347, 3
2026-06-19T14:50:59.295 221.7,135.6,-45.6,29.60,1360, 3
2026-06-19T14:50:59.395 222.6,134.7,-44.7,30.96,1326, 3
2026-06-19T14:50:59.495 223.7,134.8,-44.8,29.56,1361, 3
2026-06-19T14:50:59.595 224.8,136.1,-46.1,28.76,1381, 3
2026-06-19T14:50:59.695 227.4,135.8,-45.8,31.36,1316, 3
2026-06-19T14:50:59.795 229.2,136.2,-46.2,29.52,1362, 3
2026-06-19T14:50:59.895 230.7,136.7,-46.7,28.44,1389, 3
2026-06-19T14:50:59.995 231.3,138.0,-48.0,28.32,1392, 3
2026-06-19T14:51:00.095 233.0,137.0,-47.0,29.44,1364, 3
2026-06-19T14:51:00.195 234.2,137.1,-47.1,28.48,1388, 3
2026-06-19T14:51:00.295 235.9,135.4,-45.4,28.44,1389, 3
2026-06-19T14:51:00.395 237.7,134.9,-44.9,29.56,1361, 3
2026-06-19T14:51:00.495 238.4,135.4,-45.4,29.40,1365, 3
2026-06-19T14:51:00.600 238.7,137.1,-47.1,30.80,1330, 3
2026-06-19T14:51:00.700 238.9,137.6,-47.6,30.92,1327, 3
2026-06-19T14:51:00.800 239.6,138.3,-48.3,30.04,1349, 3
2026-06-19T14:51:00.900 239.8,139.4,-49.4,28.76,1381, 3
2026-06-19T14:51:00.999 240.6,139.6,-49.6,27.84,1404, 3
2026-06-19T14:51:01.100 241.5,139.0,-49.0,28.12,1397, 3
2026-06-19T14:51:01.199 242.8,139.1,-49.1,29.68,1358, 3
2026-06-19T14:51:01.300 245.2,137.0,-47.0,29.20,1370, 3
2026-06-19T14:51:01.400 245.9,136.9,-46.9,27.88,1403, 3
2026-06-19T14:51:01.500 246.3,137.3,-47.3,28.60,1385, 3
2026-06-19T14:51:01.600 247.7,137.6,-47.6,31.52,1312, 3
2026-06-19T14:51:01.700 250.1,138.1,-48.1,27.92,1402, 3
2026-06-19T14:51:01.800 250.6,138.2,-48.2,31.16,1321, 3
2026-06-19T14:51:01.900 251.4,138.4,-48.4,29.92,1352, 3
2026-06-19T14:51:02.000 254.6,138.3,-48.3,30.84,1329, 3
2026-06-19T14:51:02.100 257.4,136.9,-46.9,31.16,1321, 3
2026-06-19T14:51:02.200 258.0,137.3,-47.3,29.32,1367, 3
2026-06-19T14:51:02.300 258.8,137.5,-47.5,29.72,1357, 3
2026-06-19T14:51:02.400 261.3,136.7,-46.7,30.40,1340, 3
2026-06-19T14:51:02.500 262.9,135.9,-45.9,30.16,1346, 3
2026-06-19T14:51:02.605 263.6,137.3,-47.3,31.20,1320, 3
2026-06-19T14:51:02.705 263.7,138.6,-48.6,31.20,1320, 3
2026-06-19T14:51:02.805 265.1,138.6,-48.6,29.96,1351, 3
2026-06-19T14:51:02.905 268.0,138.5,-48.5,30.32,1342, 3
2026-06-19T14:51:03.005 270.5,137.8,-47.8,30.92,1327, 3
2026-06-19T14:51:03.105 272.4,139.0,-49.0,32.04,1299, 3
2026-06-19T14:51:03.205 274.2,138.7,-48.7,31.52,1312, 3
2026-06-19T14:51:03.305 275.0,139.6,-49.6,31.44,1314, 3
2026-06-19T14:51:03.405 276.2,139.0,-49.0,31.80,1305, 3
2026-06-19T14:51:03.505 277.7,138.0,-48.0,33.12,1272, 3
2026-06-19T14:51:03.605 279.7,136.5,-46.5,32.84,1279, 3
2026-06-19T14:51:03.705 281.1,136.1,-46.1,33.20,1270, 3
2026-06-19T14:51:03.805 281.0,137.2,-47.2,33.72,1257, 3
2026-06-19T14:51:03.905 282.2,137.1,-47.1,34.84,1229, 3
2026-06-19T14:51:04.004 284.3,137.3,-47.3,35.04,1224, 3
2026-06-19T14:51:04.105 287.0,136.7,-46.7,35.12,1222, 3
2026-06-19T14:51:04.205 288.2,137.4,-47.4,35.48,1213, 3
2026-06-19T14:51:04.305 288.5,139.3,-49.3,36.04,1199, 3
2026-06-19T14:51:04.405 289.7,140.9,-50.9,36.08,1198, 3
2026-06-19T14:51:04.505 292.0,139.7,-49.7,36.20,1195, 3
2026-06-19T14:51:04.610 293.4,139.0,-49.0,37.32,1167, 3
2026-06-19T14:51:04.710 293.9,138.6,-48.6,37.44,1164, 3
2026-06-19T14:51:04.810 295.0,138.3,-48.3,38.16,1146, 3
2026-06-19T14:51:04.910 297.8,137.0,-47.0,37.92,1152, 3
2026-06-19T14:51:05.010 299.5,136.2,-46.2,38.08,1148, 3
2026-06-19T14:51:05.110 299.8,137.5,-47.5,38.84,1129, 3
2026-06-19T14:51:05.210 301.6,138.1,-48.1,39.64,1109, 3
2026-06-19T14:51:05.310 304.2,137.2,-47.2,39.12,1122, 3
2026-06-19T14:51:05.410 305.4,137.5,-47.5,39.20,1120, 3
2026-06-19T14:51:05.510 305.6,138.4,-48.4,39.60,1110, 3
2026-06-19T14:51:05.610 307.3,138.6,-48.6,39.80,1105, 3
2026-06-19T14:51:05.710 310.1,137.8,-47.8,40.00,1100, 3
2026-06-19T14:51:05.810 312.4,136.4,-46.4,40.44,1089, 3
2026-06-19T14:51:05.910 313.4,136.3,-46.3,40.56,1086, 3
2026-06-19T14:51:06.010 314.6,135.4,-45.4,41.20,1070, 3
2026-06-19T14:51:06.110 315.2,134.8,-44.8,41.28,1068, 3
2026-06-19T14:51:06.210 317.0,133.6,-43.6,41.52,1062, 3
2026-06-19T14:51:06.310 317.2,134.5,-44.5,42.52,1037, 3
2026-06-19T14:51:06.410 316.8,135.7,-45.7,43.32,1017, 3
2026-06-19T14:51:06.510 318.0,135.5,-45.5,43.16,1021, 3
2026-06-19T14:51:06.615 319.7,135.6,-45.6,43.20,1020, 3
2026-06-19T14:51:06.715 321.7,135.2,-45.2,42.92,1027, 3
2026-06-19T14:51:06.815 322.8,135.5,-45.5,43.20,1020, 3
2026-06-19T14:51:06.915 322.9,136.3,-46.3,43.64,1009, 3
2026-06-19T14:51:07.015 324.9,135.2,-45.2,43.52,1012, 3
2026-06-19T14:51:07.115 327.0,133.5,-43.5,43.56,1011, 3
2026-06-19T14:51:07.215 328.1,132.8,-42.8,43.96,1001, 3
2026-06-19T14:51:07.315 329.3,131.7,-41.7,44.40,990, 3
2026-06-19T14:51:07.415 330.6,131.7,-41.7,44.08,998, 3
2026-06-19T14:51:07.515 330.6,132.3,-42.3,44.68,983, 3
2026-06-19T14:51:07.615 330.2,133.8,-43.8,44.76,981, 3
2026-06-19T14:51:07.715 331.1,134.2,-44.2,45.12,972, 3
2026-06-19T14:51:07.815 332.2,134.8,-44.8,45.00,975, 3
2026-06-19T14:51:07.915 333.1,134.7,-44.7,45.12,972, 3
2026-06-19T14:51:08.015 333.5,136.5,-46.5,45.28,968, 3
2026-06-19T14:51:08.115 334.5,136.6,-46.6,45.24,969, 3
2026-06-19T14:51:08.215 335.6,135.3,-45.3,45.48,963, 3
2026-06-19T14:51:08.315 334.3,135.8,-45.8,45.64,959, 3
2026-06-19T14:51:08.415 333.9,136.5,-46.5,46.00,950, 3
2026-06-19T14:51:08.515 336.0,135.7,-45.7,45.76,956, 3
2026-06-19T14:51:08.620 337.7,134.7,-44.7,45.76,956, 3
2026-06-19T14:51:08.720 337.3,136.4,-46.4,45.72,957, 3
2026-06-19T14:51:08.820 338.2,137.2,-47.2,45.96,951, 3
2026-06-19T14:51:08.919 340.0,137.2,-47.2,46.32,942, 3
2026-06-19T14:51:09.019 341.6,136.9,-46.9,46.36,941, 3
2026-06-19T14:51:09.120 342.2,137.1,-47.1,46.68,933, 3
2026-06-19T14:51:09.220 343.1,136.9,-46.9,47.20,920, 3
2026-06-19T14:51:09.320 344.6,135.6,-45.6,47.12,922, 3
2026-06-19T14:51:09.420 345.2,136.0,-46.0,47.40,915, 3
2026-06-19T14:51:09.520 345.4,135.3,-45.3,47.32,917, 3
2026-06-19T14:51:09.620 345.9,134.7,-44.7,47.48,913, 3
2026-06-19T14:51:09.720 348.0,133.7,-43.7,47.48,913, 3
2026-06-19T14:51:09.820 349.3,133.7,-43.7,47.16,921, 3
2026-06-19T14:51:09.920 349.5,134.4,-44.4,47.16,921, 3
2026-06-19T14:51:10.019 350.8,133.7,-43.7,47.12,922, 3
2026-06-19T14:51:10.120 351.2,134.3,-44.3,47.12,922, 3
2026-06-19T14:51:10.220 351.6,134.7,-44.7,47.12,922, 3
2026-06-19T14:51:10.320 351.8,134.9,-44.9,47.36,916, 3
2026-06-19T14:51:10.420 352.1,135.0,-45.0,47.04,924, 3
2026-06-19T14:51:10.520 353.0,134.5,-44.5,47.12,922, 3
2026-06-19T14:51:10.625 353.5,134.4,-44.4,47.04,924, 3
2026-06-19T14:51:10.726 353.6,134.5,-44.5,47.20,920, 3
2026-06-19T14:51:10.825 354.2,133.8,-43.8,47.08,923, 3
2026-06-19T14:51:10.926 354.8,133.7,-43.7,47.12,922, 3
2026-06-19T14:51:11.025 355.4,134.3,-44.3,47.32,917, 3
2026-06-19T14:51:11.125 355.4,134.4,-44.4,47.32,917, 3
2026-06-19T14:51:11.225 355.7,134.4,-44.4,47.44,914, 3
2026-06-19T14:51:11.325 355.5,134.9,-44.9,47.36,916, 3
2026-06-19T14:51:11.425 355.9,134.9,-44.9,47.60,910, 3
2026-06-19T14:51:11.525 356.5,134.6,-44.6,47.60,910, 3
2026-06-19T14:51:11.625 357.1,134.6,-44.6,47.64,909, 3
2026-06-19T14:51:11.725 357.2,135.6,-45.6,47.64,909, 3
2026-06-19T14:51:11.825 357.0,136.7,-46.7,47.80,905, 3
2026-06-19T14:51:11.925 356.9,138.1,-48.1,47.72,907, 3
2026-06-19T14:51:12.025 357.3,138.9,-48.9,47.76,906, 3
2026-06-19T14:51:12.125 357.4,139.3,-49.3,47.72,907, 3
2026-06-19T14:51:12.225 356.1,141.7,-51.7,47.84,904, 3
2026-06-19T14:51:12.325 354.9,144.8,-54.8,47.76,906, 3
2026-06-19T14:51:12.425 355.1,148.9,-58.9,48.40,890, 3
2026-06-19T14:51:12.525 355.3,154.0,-64.0,48.36,891, 3
2026-06-19T14:51:12.630 356.0,157.4,-67.4,48.36,891, 3
2026-06-19T14:51:12.730 356.9,160.2,-70.2,48.52,887, 3
2026-06-19T14:51:12.830 358.9,158.4,-68.4,48.48,888, 3
2026-06-19T14:51:12.930 358.5,159.6,-69.6,48.36,891, 3
2026-06-19T14:51:13.030 356.4,162.4,-72.4,48.48,888, 3
2026-06-19T14:51:13.130 355.9,162.9,-72.9,48.52,887, 3
2026-06-19T14:51:13.230 356.2,164.7,-74.7,48.80,880, 3
2026-06-19T14:51:13.330 356.6,168.3,-78.3,48.56,886, 3
2026-06-19T14:51:13.430 357.8,171.7,-81.7,48.52,887, 3
2026-06-19T14:51:13.530 358.5,172.8,-82.8,48.76,881, 3
2026-06-19T14:51:13.630 358.1,173.4,-83.4,48.56,886, 3
2026-06-19T14:51:13.730 357.5,173.5,-83.5,48.84,879, 3
2026-06-19T14:51:13.830 358.0,172.1,-82.1,48.56,886, 3
2026-06-19T14:51:13.930 359.2,170.4,-80.4,48.56,886, 3
2026-06-19T14:51:14.030 0.0,167.7,-77.7,48.48,888, 3
2026-06-19T14:51:14.130 359.7,167.0,-77.0,48.56,886, 3
2026-06-19T14:51:14.230 358.5,167.9,-77.9,48.60,885, 3
2026-06-19T14:51:14.331 357.4,168.4,-78.4,48.56,886, 3
2026-06-19T14:51:14.430 357.6,167.7,-77.7,48.52,887, 3
2026-06-19T14:51:14.530 357.7,167.1,-77.1,48.64,884, 3
2026-06-19T14:51:14.634 356.6,167.9,-77.9,48.40,890, 3
2026-06-19T14:51:14.735 355.8,167.4,-77.4,48.64,884, 3
2026-06-19T14:51:14.835 354.4,165.8,-75.8,48.84,879, 3
2026-06-19T14:51:14.935 353.0,165.2,-75.2,48.32,892, 3
2026-06-19T14:51:15.035 351.8,167.3,-77.3,48.64,884, 3
2026-06-19T14:51:15.135 349.7,170.9,-80.9,48.52,887, 3
2026-06-19T14:51:15.235 348.6,174.2,-84.2,48.28,893, 3
2026-06-19T14:51:15.335 349.1,175.6,-85.6,48.52,887, 3
2026-06-19T14:51:15.435 350.6,178.0,-88.0,48.40,890, 3
2026-06-19T14:51:15.535 351.9,178.6,-88.6,48.36,891, 3
2026-06-19T14:51:15.635 352.5,177.0,-87.0,48.52,887, 3
2026-06-19T14:51:15.735 351.9,177.7,-87.7,48.60,885, 3
2026-06-19T14:51:15.835 351.1,179.0,-89.0,48.32,892, 3
2026-06-19T14:51:15.935 351.1,178.8,-88.8,48.52,887, 3
2026-06-19T14:51:16.035 352.0,178.4,-88.4,48.52,887, 3
2026-06-19T14:51:16.135 352.4,177.4,-87.4,48.28,893, 3
2026-06-19T14:51:16.235 352.2,177.2,-87.2,48.40,890, 3
2026-06-19T14:51:16.335 352.2,177.0,-87.0,48.68,883, 3
2026-06-19T14:51:16.435 352.3,176.5,-86.5,48.44,889, 3
2026-06-19T14:51:16.535 352.4,175.7,-85.7,48.52,887, 3
2026-06-19T14:51:16.640 352.5,175.5,-85.5,48.76,881, 3
2026-06-19T14:51:16.740 352.8,174.1,-84.1,48.64,884, 3
2026-06-19T14:51:16.840 352.8,172.2,-82.2,48.48,888, 3
2026-06-19T14:51:16.940 354.3,171.0,-81.0,48.64,884, 3
2026-06-19T14:51:17.041 354.5,171.2,-81.2,48.52,887, 3
2026-06-19T14:51:17.140 355.7,173.5,-83.5,48.56,886, 3
2026-06-19T14:51:17.240 357.7,172.5,-82.5,48.28,893, 3
2026-06-19T14:51:17.340 358.9,172.5,-82.5,48.40,890, 3
2026-06-19T14:51:17.440 357.2,175.2,-85.2,48.28,893, 3
2026-06-19T14:51:17.540 356.6,176.0,-86.0,48.32,892, 3
2026-06-19T14:51:17.641 357.0,174.5,-84.5,48.04,899, 3
2026-06-19T14:51:17.740 358.8,171.7,-81.7,48.04,899, 3
2026-06-19T14:51:17.840 360.0,172.4,-82.4,48.20,895, 3
2026-06-19T14:51:17.940 1.0,170.9,-80.9,48.20,895, 3
2026-06-19T14:51:18.041 0.3,171.2,-81.2,48.52,887, 3
2026-06-19T14:51:18.141 0.5,170.1,-80.1,48.36,891, 3
2026-06-19T14:51:18.240 1.5,170.0,-80.0,48.32,892, 3
2026-06-19T14:51:18.340 1.4,170.1,-80.1,48.44,889, 3
2026-06-19T14:51:18.440 1.6,169.7,-79.7,48.32,892, 3
2026-06-19T14:51:18.540 2.4,169.8,-79.8,48.32,892, 3
2026-06-19T14:51:18.645 3.3,168.9,-78.9,48.20,895, 3
2026-06-19T14:51:18.745 3.8,168.5,-78.5,48.20,895, 3
2026-06-19T14:51:18.845 4.3,168.1,-78.1,48.36,891, 3
2026-06-19T14:51:18.945 4.7,168.0,-78.0,48.08,898, 3
2026-06-19T14:51:19.045 5.0,168.1,-78.1,48.60,885, 3
2026-06-19T14:51:19.145 4.7,168.5,-78.5,48.28,893, 3
2026-06-19T14:51:19.245 4.1,168.8,-78.8,47.92,902, 3
2026-06-19T14:51:19.346 2.8,168.6,-78.6,47.96,901, 3
2026-06-19T14:51:19.445 1.8,168.2,-78.2,47.80,905, 3
2026-06-19T14:51:19.545 359.9,167.3,-77.3,48.20,895, 3
2026-06-19T14:51:19.645 354.5,167.5,-77.5,47.32,917, 3
# ---- session end   2026-06-19T14:51:19+0200  port=/dev/ttyACM0 baud=115200  fallback=GNSS ----
