# ---- session start 2026-06-25T11:43:23+0200  port=/dev/ttyACM0 baud=115200  fallback=GNSS ----
2026-06-25T11:43:23.431 1.2,99.9,-9.9,985,3
2026-06-25T11:43:23.531 1.2,100.1,-10.1,986,3
2026-06-25T11:43:23.631 1.1,99.8,-9.8,981,3
2026-06-25T11:43:23.730 1.0,99.6,-9.6,985,3
2026-06-25T11:43:23.831 1.0,99.5,-9.5,993,3
2026-06-25T11:43:23.931 1.1,99.6,-9.6,986,3
2026-06-25T11:43:24.031 1.2,99.9,-9.9,981,3
2026-06-25T11:43:24.130 1.5,100.5,-10.5,981,3
2026-06-25T11:43:24.230 1.6,100.9,-10.9,986,3
2026-06-25T11:43:24.331 1.9,100.7,-10.7,998,3
2026-06-25T11:43:24.431 2.1,100.7,-10.7,996,3
2026-06-25T11:43:24.530 2.1,100.8,-10.8,1001,3
2026-06-25T11:43:24.630 2.0,100.7,-10.7,997,3
2026-06-25T11:43:24.730 2.0,100.5,-10.5,999,3
2026-06-25T11:43:24.830 2.0,100.9,-10.9,1003,3
2026-06-25T11:43:24.930 1.8,100.9,-10.9,999,3
2026-06-25T11:43:25.030 1.6,100.9,-10.9,992,3
2026-06-25T11:43:25.130 1.6,100.9,-10.9,996,3
2026-06-25T11:43:25.231 1.6,100.7,-10.7,1003,3
2026-06-25T11:43:25.335 1.6,100.5,-10.5,1003,3
2026-06-25T11:43:25.435 1.7,100.6,-10.6,1005,3
2026-06-25T11:43:25.535 1.7,100.6,-10.6,1007,3
2026-06-25T11:43:25.636 1.8,100.8,-10.8,1006,3
2026-06-25T11:43:25.736 1.8,100.9,-10.9,1008,3
2026-06-25T11:43:25.835 1.8,100.8,-10.8,998,3
2026-06-25T11:43:25.935 1.8,100.5,-10.5,995,3
2026-06-25T11:43:26.035 2.0,100.4,-10.4,1000,3
2026-06-25T11:43:26.135 3.1,100.7,-10.7,997,3
2026-06-25T11:43:26.235 4.1,100.9,-10.9,985,3
2026-06-25T11:43:26.335 5.1,100.9,-10.9,984,3
2026-06-25T11:43:26.435 5.9,101.3,-11.3,986,3
2026-06-25T11:43:26.535 6.3,101.2,-11.2,980,3
2026-06-25T11:43:26.636 6.8,101.3,-11.3,980,3
2026-06-25T11:43:26.736 7.3,101.3,-11.3,991,3
2026-06-25T11:43:26.835 7.7,101.2,-11.2,984,3
2026-06-25T11:43:26.935 8.1,101.0,-11.0,980,3
2026-06-25T11:43:27.035 8.9,100.8,-10.8,987,3
2026-06-25T11:43:27.135 9.8,100.9,-10.9,981,3
2026-06-25T11:43:27.235 10.9,100.5,-10.5,986,3
2026-06-25T11:43:27.341 11.8,100.5,-10.5,983,3
2026-06-25T11:43:27.440 12.9,100.6,-10.6,982,3
2026-06-25T11:43:27.540 13.8,100.4,-10.4,986,3
2026-06-25T11:43:27.641 14.6,100.5,-10.5,985,3
2026-06-25T11:43:27.741 15.1,100.6,-10.6,981,3
2026-06-25T11:43:27.841 15.8,99.9,-9.9,990,3
2026-06-25T11:43:27.940 16.4,100.5,-10.5,988,3
2026-06-25T11:43:28.040 17.0,100.3,-10.3,980,3
2026-06-25T11:43:28.140 17.4,100.3,-10.3,989,3
2026-06-25T11:43:28.241 17.6,100.6,-10.6,975,3
2026-06-25T11:43:28.341 18.1,100.2,-10.2,962,3
2026-06-25T11:43:28.440 18.0,99.5,-9.5,955,3
2026-06-25T11:43:28.541 17.8,99.7,-9.7,959,3
2026-06-25T11:43:28.641 18.6,99.8,-9.8,953,3
2026-06-25T11:43:28.741 19.3,100.2,-10.2,956,3
2026-06-25T11:43:28.841 20.3,100.4,-10.4,957,3
2026-06-25T11:43:28.940 21.6,100.8,-10.8,946,3
2026-06-25T11:43:29.040 23.0,101.1,-11.1,944,3
2026-06-25T11:43:29.140 23.8,101.3,-11.3,938,3
2026-06-25T11:43:29.240 24.5,101.1,-11.1,935,3
2026-06-25T11:43:29.346 25.5,101.2,-11.2,931,3
2026-06-25T11:43:29.445 26.4,101.2,-11.2,926,3
2026-06-25T11:43:29.546 26.9,101.4,-11.4,921,3
2026-06-25T11:43:29.646 27.6,101.3,-11.3,919,3
2026-06-25T11:43:29.746 28.1,101.1,-11.1,919,3
2026-06-25T11:43:29.845 28.2,100.7,-10.7,918,3
2026-06-25T11:43:29.945 27.9,99.9,-9.9,924,3
2026-06-25T11:43:30.046 28.6,99.6,-9.6,925,3
2026-06-25T11:43:30.146 29.7,99.9,-9.9,924,3
2026-06-25T11:43:30.245 30.5,99.6,-9.6,922,3
2026-06-25T11:43:30.346 31.0,99.7,-9.7,925,3
2026-06-25T11:43:30.446 32.2,100.0,-10.0,929,3
2026-06-25T11:43:30.546 33.6,99.9,-9.9,928,3
2026-06-25T11:43:30.645 34.7,99.6,-9.6,927,3
2026-06-25T11:43:30.746 36.5,99.6,-9.6,933,3
2026-06-25T11:43:30.846 38.2,99.8,-9.8,932,3
2026-06-25T11:43:30.946 39.8,100.3,-10.3,933,3
2026-06-25T11:43:31.046 41.3,100.4,-10.4,934,3
2026-06-25T11:43:31.145 42.5,100.4,-10.4,939,3
2026-06-25T11:43:31.245 43.4,100.4,-10.4,943,3
2026-06-25T11:43:31.350 44.4,100.0,-10.0,933,3
2026-06-25T11:43:31.450 45.5,100.1,-10.1,940,3
2026-06-25T11:43:31.550 46.6,99.8,-9.8,937,3
2026-06-25T11:43:31.650 48.2,99.9,-9.9,939,3
2026-06-25T11:43:31.751 49.9,100.2,-10.2,940,3
2026-06-25T11:43:31.850 51.4,99.5,-9.5,945,3
2026-06-25T11:43:31.950 52.8,99.2,-9.2,951,3
2026-06-25T11:43:32.050 54.5,98.8,-8.8,951,3
2026-06-25T11:43:32.150 56.1,98.1,-8.1,950,3
2026-06-25T11:43:32.250 57.3,98.1,-8.1,953,3
2026-06-25T11:43:32.350 58.3,98.2,-8.2,957,3
2026-06-25T11:43:32.450 59.9,98.5,-8.5,969,3
2026-06-25T11:43:32.550 60.8,98.9,-8.9,974,3
2026-06-25T11:43:32.651 61.0,98.2,-8.2,986,3
2026-06-25T11:43:32.751 61.6,97.7,-7.7,991,3
2026-06-25T11:43:32.850 63.2,97.8,-7.8,986,3
2026-06-25T11:43:32.950 64.7,97.2,-7.2,988,3
2026-06-25T11:43:33.050 65.7,96.8,-6.8,993,3
2026-06-25T11:43:33.150 66.6,96.9,-6.9,996,3
2026-06-25T11:43:33.250 67.9,97.0,-7.0,998,3
2026-06-25T11:43:33.355 68.3,97.4,-7.4,1001,3
2026-06-25T11:43:33.455 68.8,96.7,-6.7,1005,3
2026-06-25T11:43:33.555 69.6,96.5,-6.5,995,3
2026-06-25T11:43:33.655 70.7,97.0,-7.0,1003,3
2026-06-25T11:43:33.755 71.7,96.6,-6.6,1005,3
2026-06-25T11:43:33.855 72.2,96.2,-6.2,1012,3
2026-06-25T11:43:33.955 72.9,96.9,-6.9,1019,3
2026-06-25T11:43:34.055 73.6,97.4,-7.4,1010,3
2026-06-25T11:43:34.155 74.4,97.1,-7.1,1013,3
2026-06-25T11:43:34.255 75.2,96.9,-6.9,1018,3
2026-06-25T11:43:34.355 75.8,97.4,-7.4,1033,3
2026-06-25T11:43:34.456 76.2,97.4,-7.4,1026,3
2026-06-25T11:43:34.555 76.7,96.5,-6.5,1026,3
2026-06-25T11:43:34.655 77.4,96.7,-6.7,1022,3
2026-06-25T11:43:34.755 78.3,96.8,-6.8,1022,3
2026-06-25T11:43:34.856 79.4,96.7,-6.7,1018,3
2026-06-25T11:43:34.955 80.4,96.7,-6.7,1028,3
2026-06-25T11:43:35.055 82.0,96.9,-6.9,1027,3
2026-06-25T11:43:35.155 83.4,97.6,-7.6,1036,3
2026-06-25T11:43:35.255 84.3,98.0,-8.0,1028,3
2026-06-25T11:43:35.361 84.9,98.3,-8.3,1036,3
2026-06-25T11:43:35.461 85.3,98.3,-8.3,1046,3
2026-06-25T11:43:35.561 86.2,98.3,-8.3,1045,3
2026-06-25T11:43:35.661 87.6,98.4,-8.4,1043,3
2026-06-25T11:43:35.761 89.1,98.5,-8.5,1035,3
2026-06-25T11:43:35.861 90.0,97.8,-7.8,1030,3
2026-06-25T11:43:35.960 91.2,97.9,-7.9,1036,3
2026-06-25T11:43:36.061 92.7,98.5,-8.5,1033,3
2026-06-25T11:43:36.161 93.7,98.3,-8.3,1024,3
2026-06-25T11:43:36.261 94.9,97.8,-7.8,1027,3
2026-06-25T11:43:36.361 96.4,97.8,-7.8,1032,3
2026-06-25T11:43:36.460 97.7,97.6,-7.6,1027,3
2026-06-25T11:43:36.561 99.1,97.4,-7.4,1028,3
2026-06-25T11:43:36.661 100.2,98.0,-8.0,1024,3
2026-06-25T11:43:36.761 100.6,98.2,-8.2,1026,3
2026-06-25T11:43:36.861 101.3,97.8,-7.8,1021,3
2026-06-25T11:43:36.961 102.4,98.2,-8.2,1030,3
2026-06-25T11:43:37.061 103.5,98.2,-8.2,1026,3
2026-06-25T11:43:37.161 104.5,97.7,-7.7,1022,3
2026-06-25T11:43:37.260 105.4,97.8,-7.8,1023,3
2026-06-25T11:43:37.365 106.5,97.9,-7.9,1019,3
2026-06-25T11:43:37.465 107.4,98.3,-8.3,1019,3
2026-06-25T11:43:37.565 108.9,98.3,-8.3,1033,3
2026-06-25T11:43:37.665 110.7,98.5,-8.5,1038,3
2026-06-25T11:43:37.766 112.1,98.4,-8.4,1037,3
2026-06-25T11:43:37.865 113.9,97.4,-7.4,1043,3
2026-06-25T11:43:37.965 116.0,97.9,-7.9,1039,3
2026-06-25T11:43:38.065 116.9,98.1,-8.1,1044,3
2026-06-25T11:43:38.165 117.5,97.7,-7.7,1039,3
2026-06-25T11:43:38.265 118.3,97.6,-7.6,1045,3
2026-06-25T11:43:38.365 119.5,97.7,-7.7,1044,3
2026-06-25T11:43:38.465 120.6,97.6,-7.6,1050,3
2026-06-25T11:43:38.565 121.3,97.9,-7.9,1050,3
2026-06-25T11:43:38.665 121.6,98.2,-8.2,1056,3
2026-06-25T11:43:38.765 121.5,98.1,-8.1,1052,3
2026-06-25T11:43:38.865 122.1,97.5,-7.5,1057,3
2026-06-25T11:43:38.965 123.2,97.6,-7.6,1063,3
2026-06-25T11:43:39.065 124.3,98.3,-8.3,1063,3
2026-06-25T11:43:39.165 125.3,98.1,-8.1,1067,3
2026-06-25T11:43:39.265 126.2,98.6,-8.6,1065,3
2026-06-25T11:43:39.371 127.0,98.4,-8.4,1068,3
2026-06-25T11:43:39.470 128.6,98.0,-8.0,1072,3
2026-06-25T11:43:39.570 130.6,97.8,-7.8,1067,3
2026-06-25T11:43:39.671 132.9,97.5,-7.5,1076,3
2026-06-25T11:43:39.770 134.7,97.3,-7.3,1075,3
2026-06-25T11:43:39.870 136.0,97.3,-7.3,1083,3
2026-06-25T11:43:39.970 137.3,97.4,-7.4,1085,3
2026-06-25T11:43:40.070 138.7,97.6,-7.6,1083,3
2026-06-25T11:43:40.170 139.6,97.4,-7.4,1090,3
2026-06-25T11:43:40.270 140.5,97.3,-7.3,1073,3
2026-06-25T11:43:40.370 141.5,97.3,-7.3,1082,3
2026-06-25T11:43:40.470 142.4,97.5,-7.5,1081,3
2026-06-25T11:43:40.571 143.3,97.6,-7.6,1099,3
2026-06-25T11:43:40.670 144.0,97.4,-7.4,1099,3
2026-06-25T11:43:40.770 144.7,96.6,-6.6,1105,3
2026-06-25T11:43:40.870 146.1,96.5,-6.5,1108,3
2026-06-25T11:43:40.970 146.8,97.1,-7.1,1094,3
2026-06-25T11:43:41.070 147.1,96.9,-6.9,1118,3
2026-06-25T11:43:41.171 147.7,97.2,-7.2,1122,3
2026-06-25T11:43:41.270 148.3,97.5,-7.5,1124,3
2026-06-25T11:43:41.375 148.8,97.2,-7.2,1133,3
2026-06-25T11:43:41.476 148.9,97.1,-7.1,1153,3
2026-06-25T11:43:41.576 148.4,97.4,-7.4,1156,3
2026-06-25T11:43:41.675 147.5,97.7,-7.7,1146,3
2026-06-25T11:43:41.776 147.5,97.2,-7.2,1169,3
2026-06-25T11:43:41.875 147.6,97.4,-7.4,1153,3
2026-06-25T11:43:41.975 147.8,97.7,-7.7,1179,3
2026-06-25T11:43:42.075 148.3,98.0,-8.0,1165,3
2026-06-25T11:43:42.176 149.0,98.6,-8.6,1149,3
2026-06-25T11:43:42.275 150.0,98.7,-8.7,1164,3
2026-06-25T11:43:42.375 151.6,98.6,-8.6,1164,3
2026-06-25T11:43:42.475 153.0,98.6,-8.6,1178,3
2026-06-25T11:43:42.576 153.9,98.3,-8.3,1182,3
2026-06-25T11:43:42.676 154.1,98.1,-8.1,1191,3
2026-06-25T11:43:42.776 154.8,97.9,-7.9,1181,3
2026-06-25T11:43:42.876 156.4,98.1,-8.1,1196,3
2026-06-25T11:43:42.976 158.1,98.6,-8.6,1187,3
2026-06-25T11:43:43.076 157.8,98.6,-8.6,1163,3
2026-06-25T11:43:43.176 157.1,97.9,-7.9,1172,3
2026-06-25T11:43:43.276 157.3,98.0,-8.0,1186,3
2026-06-25T11:43:43.381 157.6,98.6,-8.6,1182,3
2026-06-25T11:43:43.480 157.9,97.8,-7.8,1180,3
2026-06-25T11:43:43.581 158.8,97.6,-7.6,1167,3
2026-06-25T11:43:43.680 160.1,97.9,-7.9,1189,3
2026-06-25T11:43:43.780 161.0,98.1,-8.1,1180,3
2026-06-25T11:43:43.881 162.0,98.1,-8.1,1202,3
2026-06-25T11:43:43.981 163.4,98.3,-8.3,1177,3
2026-06-25T11:43:44.080 164.5,97.9,-7.9,1199,3
2026-06-25T11:43:44.180 165.4,97.7,-7.7,1195,3
2026-06-25T11:43:44.281 166.0,97.7,-7.7,1187,3
2026-06-25T11:43:44.380 166.7,97.2,-7.2,1177,3
2026-06-25T11:43:44.481 167.5,97.0,-7.0,1161,3
2026-06-25T11:43:44.581 168.3,97.5,-7.5,1199,3
2026-06-25T11:43:44.680 168.8,97.6,-7.6,1197,3
2026-06-25T11:43:44.780 169.3,97.7,-7.7,1208,3
2026-06-25T11:43:44.880 169.7,97.7,-7.7,1195,3
2026-06-25T11:43:44.980 170.2,97.6,-7.6,1194,3
2026-06-25T11:43:45.080 170.7,97.5,-7.5,1183,3
2026-06-25T11:43:45.181 171.3,97.4,-7.4,1193,3
2026-06-25T11:43:45.281 171.8,97.4,-7.4,1192,3
2026-06-25T11:43:45.385 172.3,97.5,-7.5,1196,3
2026-06-25T11:43:45.485 172.6,97.6,-7.6,1196,3
2026-06-25T11:43:45.586 172.7,97.5,-7.5,1183,3
2026-06-25T11:43:45.685 173.0,97.6,-7.6,1155,3
2026-06-25T11:43:45.786 173.4,97.5,-7.5,1207,3
2026-06-25T11:43:45.885 174.0,97.4,-7.4,1184,3
2026-06-25T11:43:45.985 174.6,97.5,-7.5,1175,3
2026-06-25T11:43:46.085 175.1,97.4,-7.4,1202,3
2026-06-25T11:43:46.185 175.5,97.3,-7.3,1192,3
2026-06-25T11:43:46.285 175.9,97.4,-7.4,1192,3
2026-06-25T11:43:46.385 176.2,97.3,-7.3,1180,3
2026-06-25T11:43:46.485 176.6,97.2,-7.2,1169,3
2026-06-25T11:43:46.586 177.3,97.0,-7.0,1175,3
2026-06-25T11:43:46.686 178.2,96.9,-6.9,1173,3
2026-06-25T11:43:46.786 178.8,96.7,-6.7,1166,3
2026-06-25T11:43:46.885 179.2,96.7,-6.7,1160,3
2026-06-25T11:43:46.985 179.2,96.6,-6.6,1171,3
2026-06-25T11:43:47.085 179.1,96.4,-6.4,1152,3
2026-06-25T11:43:47.185 179.3,96.3,-6.3,1160,3
2026-06-25T11:43:47.285 179.7,96.6,-6.6,1157,3
2026-06-25T11:43:47.390 179.8,96.8,-6.8,1143,3
2026-06-25T11:43:47.491 179.6,96.8,-6.8,1158,3
2026-06-25T11:43:47.590 179.4,96.8,-6.8,1173,3
2026-06-25T11:43:47.691 179.4,96.9,-6.9,1176,3
2026-06-25T11:43:47.791 179.5,97.0,-7.0,1165,3
2026-06-25T11:43:47.890 179.7,97.2,-7.2,1173,3
2026-06-25T11:43:47.990 179.8,97.2,-7.2,1174,3
# ---- session end   2026-06-25T11:43:48+0200  port=/dev/ttyACM0 baud=115200  fallback=GNSS ----
# ---- session start 2026-06-25T11:44:43+0200  port=/dev/ttyACM0 baud=115200  fallback=GNSS ----
2026-06-25T11:44:43.830 347.6,106.9,-16.9,981,3
2026-06-25T11:44:43.931 347.5,106.6,-16.6,992,3
2026-06-25T11:44:44.031 347.5,106.5,-16.5,987,3
2026-06-25T11:44:44.130 347.3,106.3,-16.3,998,3
2026-06-25T11:44:44.231 347.3,106.3,-16.3,1000,3
2026-06-25T11:44:44.331 347.5,106.3,-16.3,990,3
2026-06-25T11:44:44.431 347.8,106.1,-16.1,995,3
2026-06-25T11:44:44.531 347.7,106.0,-16.0,996,3
2026-06-25T11:44:44.631 347.4,106.2,-16.2,998,3
2026-06-25T11:44:44.730 347.5,106.0,-16.0,994,3
2026-06-25T11:44:44.831 347.5,105.9,-15.9,995,3
2026-06-25T11:44:44.931 347.3,105.8,-15.8,1004,3
2026-06-25T11:44:45.031 347.3,105.7,-15.7,998,3
2026-06-25T11:44:45.130 347.2,105.6,-15.6,994,3
2026-06-25T11:44:45.230 346.8,105.6,-15.6,995,3
2026-06-25T11:44:45.330 346.7,105.3,-15.3,985,3
2026-06-25T11:44:45.430 346.6,105.3,-15.3,994,3
2026-06-25T11:44:45.536 346.6,105.4,-15.4,988,3
2026-06-25T11:44:45.635 346.6,105.4,-15.4,994,3
2026-06-25T11:44:45.735 346.5,105.5,-15.5,996,3
2026-06-25T11:44:45.835 346.5,105.6,-15.6,990,3
2026-06-25T11:44:45.935 346.4,105.6,-15.6,996,3
2026-06-25T11:44:46.036 346.3,105.5,-15.5,994,3
2026-06-25T11:44:46.136 346.3,105.4,-15.4,987,3
2026-06-25T11:44:46.236 346.3,105.3,-15.3,996,3
2026-06-25T11:44:46.336 346.1,105.3,-15.3,994,3
2026-06-25T11:44:46.436 346.1,105.2,-15.2,996,3
2026-06-25T11:44:46.536 346.1,105.3,-15.3,996,3
2026-06-25T11:44:46.635 346.1,105.4,-15.4,1005,3
2026-06-25T11:44:46.736 346.2,105.5,-15.5,998,3
2026-06-25T11:44:46.836 346.4,105.5,-15.5,1001,3
2026-06-25T11:44:46.936 346.7,105.6,-15.6,1002,3
2026-06-25T11:44:47.035 346.9,105.5,-15.5,1005,3
2026-06-25T11:44:47.136 347.2,105.6,-15.6,1004,3
2026-06-25T11:44:47.235 347.4,105.6,-15.6,998,3
2026-06-25T11:44:47.336 348.0,105.3,-15.3,988,3
2026-06-25T11:44:47.435 349.1,105.4,-15.4,988,3
2026-06-25T11:44:47.541 350.5,105.8,-15.8,986,3
2026-06-25T11:44:47.641 351.5,106.0,-16.0,974,3
2026-06-25T11:44:47.741 352.5,105.9,-15.9,971,3
2026-06-25T11:44:47.842 353.3,105.8,-15.8,964,3
2026-06-25T11:44:47.941 354.3,106.0,-16.0,960,3
2026-06-25T11:44:48.041 355.5,105.7,-15.7,964,3
2026-06-25T11:44:48.141 356.3,105.6,-15.6,955,3
2026-06-25T11:44:48.241 356.7,106.5,-16.5,952,3
2026-06-25T11:44:48.341 357.8,106.5,-16.5,952,3
2026-06-25T11:44:48.441 359.0,105.9,-15.9,946,3
2026-06-25T11:44:48.541 0.6,106.1,-16.1,945,3
2026-06-25T11:44:48.641 1.6,106.4,-16.4,942,3
2026-06-25T11:44:48.741 2.7,105.9,-15.9,947,3
2026-06-25T11:44:48.841 3.6,106.3,-16.3,952,3
2026-06-25T11:44:48.941 4.1,106.3,-16.3,946,3
2026-06-25T11:44:49.041 4.6,106.2,-16.2,946,3
2026-06-25T11:44:49.141 5.5,106.3,-16.3,941,3
2026-06-25T11:44:49.240 6.3,105.9,-15.9,940,3
2026-06-25T11:44:49.340 6.7,105.8,-15.8,942,3
2026-06-25T11:44:49.441 8.2,106.3,-16.3,937,3
2026-06-25T11:44:49.546 9.6,105.4,-15.4,934,3
2026-06-25T11:44:49.646 10.5,105.8,-15.8,932,3
2026-06-25T11:44:49.746 11.3,105.8,-15.8,930,3
2026-06-25T11:44:49.846 12.0,106.0,-16.0,926,3
2026-06-25T11:44:49.945 13.2,106.3,-16.3,929,3
2026-06-25T11:44:50.046 14.0,106.0,-16.0,928,3
2026-06-25T11:44:50.146 14.8,106.0,-16.0,929,3
2026-06-25T11:44:50.246 16.0,106.2,-16.2,931,3
2026-06-25T11:44:50.346 16.9,106.5,-16.5,931,3
2026-06-25T11:44:50.446 17.1,106.0,-16.0,936,3
2026-06-25T11:44:50.546 18.1,106.3,-16.3,931,3
2026-06-25T11:44:50.646 18.2,106.4,-16.4,930,3
2026-06-25T11:44:50.745 18.3,106.1,-16.1,936,3
2026-06-25T11:44:50.846 19.3,106.7,-16.7,938,3
2026-06-25T11:44:50.946 20.0,106.5,-16.5,934,3
2026-06-25T11:44:51.045 20.3,106.2,-16.2,951,3
2026-06-25T11:44:51.145 21.5,106.7,-16.7,938,3
2026-06-25T11:44:51.246 23.2,106.9,-16.9,956,3
2026-06-25T11:44:51.346 24.4,107.1,-17.1,957,3
2026-06-25T11:44:51.446 25.6,106.9,-16.9,956,3
2026-06-25T11:44:51.550 26.8,106.4,-16.4,959,3
2026-06-25T11:44:51.651 27.8,105.9,-15.9,955,3
2026-06-25T11:44:51.751 28.9,105.7,-15.7,954,3
2026-06-25T11:44:51.850 30.0,105.6,-15.6,958,3
2026-06-25T11:44:51.950 31.2,105.4,-15.4,952,3
2026-06-25T11:44:52.050 32.8,105.3,-15.3,958,3
2026-06-25T11:44:52.150 33.9,105.0,-15.0,965,3
2026-06-25T11:44:52.250 34.9,104.8,-14.8,966,3
2026-06-25T11:44:52.350 36.4,104.9,-14.9,964,3
2026-06-25T11:44:52.450 37.6,105.4,-15.4,964,3
2026-06-25T11:44:52.550 39.2,105.4,-15.4,964,3
2026-06-25T11:44:52.650 40.8,105.2,-15.2,964,3
2026-06-25T11:44:52.751 42.2,104.8,-14.8,975,3
2026-06-25T11:44:52.850 43.2,104.9,-14.9,980,3
2026-06-25T11:44:52.950 44.0,105.0,-15.0,990,3
2026-06-25T11:44:53.051 44.8,105.3,-15.3,999,3
2026-06-25T11:44:53.150 45.2,105.5,-15.5,1003,3
2026-06-25T11:44:53.250 45.5,105.5,-15.5,1010,3
2026-06-25T11:44:53.350 45.9,105.3,-15.3,1004,3
2026-06-25T11:44:53.450 46.7,105.2,-15.2,999,3
2026-06-25T11:44:53.556 47.0,105.4,-15.4,1011,3
2026-06-25T11:44:53.656 48.0,105.4,-15.4,1012,3
2026-06-25T11:44:53.757 49.4,105.2,-15.2,1007,3
2026-06-25T11:44:53.855 50.7,105.7,-15.7,1008,3
2026-06-25T11:44:53.956 52.7,105.2,-15.2,1016,3
2026-06-25T11:44:54.056 53.5,104.8,-14.8,1026,3
2026-06-25T11:44:54.156 54.1,105.1,-15.1,1018,3
2026-06-25T11:44:54.255 54.6,105.4,-15.4,1020,3
2026-06-25T11:44:54.357 55.1,105.4,-15.4,1020,3
2026-06-25T11:44:54.457 55.9,105.6,-15.6,1014,3
2026-06-25T11:44:54.556 56.8,105.8,-15.8,1022,3
2026-06-25T11:44:54.657 57.3,105.7,-15.7,1030,3
2026-06-25T11:44:54.756 58.1,106.0,-16.0,1028,3
2026-06-25T11:44:54.856 58.9,105.9,-15.9,1028,3
2026-06-25T11:44:54.956 58.9,106.0,-16.0,1016,3
2026-06-25T11:44:55.056 59.4,105.9,-15.9,1030,3
2026-06-25T11:44:55.156 59.5,105.4,-15.4,1034,3
2026-06-25T11:44:55.255 59.6,105.5,-15.5,1022,3
2026-06-25T11:44:55.357 60.0,106.2,-16.2,1035,3
2026-06-25T11:44:55.456 60.8,105.9,-15.9,1028,3
2026-06-25T11:44:55.561 61.5,106.1,-16.1,1029,3
2026-06-25T11:44:55.661 61.6,106.2,-16.2,1032,3
2026-06-25T11:44:55.761 62.7,106.2,-16.2,1039,3
2026-06-25T11:44:55.860 63.7,106.1,-16.1,1043,3
2026-06-25T11:44:55.960 65.0,106.1,-16.1,1037,3
2026-06-25T11:44:56.061 66.0,106.2,-16.2,1034,3
2026-06-25T11:44:56.160 67.0,106.5,-16.5,1034,3
2026-06-25T11:44:56.261 68.4,106.9,-16.9,1050,3
2026-06-25T11:44:56.361 70.0,107.2,-17.2,1025,3
2026-06-25T11:44:56.461 72.0,107.1,-17.1,1042,3
2026-06-25T11:44:56.561 73.6,106.9,-16.9,1043,3
2026-06-25T11:44:56.662 74.8,107.2,-17.2,1041,3
2026-06-25T11:44:56.761 75.7,107.1,-17.1,1043,3
2026-06-25T11:44:56.861 77.0,106.6,-16.6,1032,3
2026-06-25T11:44:56.961 78.5,106.3,-16.3,1039,3
2026-06-25T11:44:57.061 79.9,106.2,-16.2,1040,3
2026-06-25T11:44:57.161 81.1,106.0,-16.0,1047,3
2026-06-25T11:44:57.261 82.2,105.6,-15.6,1055,3
2026-06-25T11:44:57.361 83.3,105.3,-15.3,1038,3
2026-06-25T11:44:57.461 84.6,104.7,-14.7,1037,3
2026-06-25T11:44:57.565 85.4,104.4,-14.4,1034,3
2026-06-25T11:44:57.666 85.9,104.5,-14.5,1029,3
2026-06-25T11:44:57.766 86.5,105.1,-15.1,1040,3
2026-06-25T11:44:57.865 86.4,105.2,-15.2,1052,3
2026-06-25T11:44:57.965 86.6,105.6,-15.6,1057,3
2026-06-25T11:44:58.065 87.3,105.4,-15.4,1051,3
2026-06-25T11:44:58.166 88.0,104.9,-14.9,1043,3
2026-06-25T11:44:58.265 88.3,105.5,-15.5,1055,3
2026-06-25T11:44:58.365 89.4,104.6,-14.6,1042,3
2026-06-25T11:44:58.465 90.7,105.2,-15.2,1043,3
2026-06-25T11:44:58.566 91.8,104.5,-14.5,1036,3
2026-06-25T11:44:58.666 92.3,104.7,-14.7,1044,3
2026-06-25T11:44:58.766 93.1,105.2,-15.2,1041,3
2026-06-25T11:44:58.865 94.3,105.1,-15.1,1040,3
2026-06-25T11:44:58.965 94.6,105.0,-15.0,1041,3
2026-06-25T11:44:59.065 94.4,105.2,-15.2,222,3
2026-06-25T11:44:59.166 94.4,105.1,-15.1,1055,3
2026-06-25T11:44:59.266 94.9,104.9,-14.9,1050,3
2026-06-25T11:44:59.365 96.1,105.2,-15.2,1054,3
2026-06-25T11:44:59.465 97.0,105.6,-15.6,1060,3
2026-06-25T11:44:59.571 97.1,105.0,-15.0,1054,3
2026-06-25T11:44:59.671 97.4,105.5,-15.5,1070,3
2026-06-25T11:44:59.771 98.0,105.5,-15.5,1069,3
2026-06-25T11:44:59.871 98.4,105.4,-15.4,1071,3
2026-06-25T11:44:59.971 99.2,106.0,-16.0,1049,3
2026-06-25T11:45:00.071 100.5,105.6,-15.6,1073,3
2026-06-25T11:45:00.171 101.4,105.7,-15.7,1066,3
2026-06-25T11:45:00.271 102.5,105.2,-15.2,1064,3
2026-06-25T11:45:00.371 103.9,105.7,-15.7,1066,3
2026-06-25T11:45:00.471 105.4,105.5,-15.5,1069,3
2026-06-25T11:45:00.571 106.2,105.2,-15.2,1067,3
2026-06-25T11:45:00.672 106.7,105.2,-15.2,1071,3
2026-06-25T11:45:00.771 107.8,105.3,-15.3,1070,3
2026-06-25T11:45:00.871 108.9,105.6,-15.6,1077,3
2026-06-25T11:45:00.970 110.1,105.8,-15.8,1078,3
2026-06-25T11:45:01.071 111.2,106.1,-16.1,1079,3
2026-06-25T11:45:01.171 112.0,106.0,-16.0,1070,3
2026-06-25T11:45:01.271 112.8,105.8,-15.8,1067,3
2026-06-25T11:45:01.371 114.1,105.6,-15.6,1071,3
2026-06-25T11:45:01.471 115.7,105.2,-15.2,1085,3
2026-06-25T11:45:01.576 117.0,105.1,-15.1,1084,3
2026-06-25T11:45:01.677 117.8,105.0,-15.0,1077,3
2026-06-25T11:45:01.776 118.7,105.2,-15.2,1084,3
2026-06-25T11:45:01.877 119.8,105.5,-15.5,1086,3
2026-06-25T11:45:01.977 120.9,105.0,-15.0,1087,3
2026-06-25T11:45:02.076 122.1,104.6,-14.6,1096,3
2026-06-25T11:45:02.177 123.2,104.2,-14.2,1105,3
2026-06-25T11:45:02.276 123.9,104.1,-14.1,1095,3
2026-06-25T11:45:02.376 124.9,103.9,-13.9,1092,3
2026-06-25T11:45:02.477 125.8,103.5,-13.5,1095,3
2026-06-25T11:45:02.576 126.6,103.6,-13.6,1102,3
2026-06-25T11:45:02.676 127.3,103.5,-13.5,1111,3
2026-06-25T11:45:02.776 127.3,103.5,-13.5,1086,3
2026-06-25T11:45:02.876 127.2,103.4,-13.4,1103,3
2026-06-25T11:45:02.977 128.4,103.5,-13.5,1094,3
2026-06-25T11:45:03.077 130.2,104.8,-14.8,1117,3
2026-06-25T11:45:03.176 131.2,104.8,-14.8,1113,3
2026-06-25T11:45:03.277 131.9,103.4,-13.4,1098,3
2026-06-25T11:45:03.377 133.0,103.5,-13.5,1122,3
2026-06-25T11:45:03.476 134.0,103.1,-13.1,1103,3
2026-06-25T11:45:03.581 134.8,102.8,-12.8,1114,3
2026-06-25T11:45:03.681 135.2,102.6,-12.6,1121,3
2026-06-25T11:45:03.782 135.5,102.3,-12.3,1133,3
2026-06-25T11:45:03.880 136.0,101.9,-11.9,1100,3
2026-06-25T11:45:03.981 137.1,101.5,-11.5,1118,3
2026-06-25T11:45:04.080 137.9,101.4,-11.4,1123,3
2026-06-25T11:45:04.180 138.1,101.3,-11.3,1114,3
2026-06-25T11:45:04.281 138.4,101.3,-11.3,1122,3
2026-06-25T11:45:04.380 138.8,101.3,-11.3,1124,3
2026-06-25T11:45:04.480 139.3,101.3,-11.3,1119,3
2026-06-25T11:45:04.580 139.5,101.1,-11.1,1119,3
2026-06-25T11:45:04.682 139.6,101.3,-11.3,1143,3
2026-06-25T11:45:04.782 140.0,101.6,-11.6,1115,3
2026-06-25T11:45:04.881 140.2,101.5,-11.5,1127,3
2026-06-25T11:45:04.981 140.9,102.1,-12.1,1137,3
2026-06-25T11:45:05.081 141.5,101.9,-11.9,1136,3
2026-06-25T11:45:05.181 141.8,101.3,-11.3,1124,3
2026-06-25T11:45:05.281 142.0,100.8,-10.8,1125,3
2026-06-25T11:45:05.380 142.0,100.3,-10.3,1111,3
2026-06-25T11:45:05.480 142.5,99.5,-9.5,1107,3
2026-06-25T11:45:05.585 142.9,99.1,-9.1,1113,3
2026-06-25T11:45:05.686 143.4,99.2,-9.2,1107,3
2026-06-25T11:45:05.786 143.6,99.5,-9.5,1122,3
2026-06-25T11:45:05.886 143.5,99.7,-9.7,1103,3
2026-06-25T11:45:05.985 143.4,99.6,-9.6,1104,3
2026-06-25T11:45:06.085 143.3,99.7,-9.7,1106,3
2026-06-25T11:45:06.185 143.1,99.6,-9.6,1108,3
2026-06-25T11:45:06.286 142.9,99.1,-9.1,1114,3
2026-06-25T11:45:06.385 142.9,99.2,-9.2,1116,3
2026-06-25T11:45:06.486 142.8,99.5,-9.5,1109,3
2026-06-25T11:45:06.586 142.9,99.9,-9.9,1106,3
2026-06-25T11:45:06.686 142.7,100.0,-10.0,1126,3
2026-06-25T11:45:06.786 142.7,100.2,-10.2,1117,3
2026-06-25T11:45:06.886 142.6,100.1,-10.1,1114,3
2026-06-25T11:45:06.986 142.5,99.8,-9.8,1103,3
2026-06-25T11:45:07.086 142.5,99.7,-9.7,1106,3
2026-06-25T11:45:07.185 142.2,99.7,-9.7,1105,3
# ---- session end   2026-06-25T11:45:07+0200  port=/dev/ttyACM0 baud=115200  fallback=GNSS ----
