# ---- session start 2026-06-19T14:15:36+0200  port=/dev/ttyACM0 baud=115200  fallback=GNSS ----
2026-06-19T14:15:43.503 tasks started
2026-06-19T14:15:43.506 phi_deg,theta_deg,elev_deg,P_dBm,mv,cal
2026-06-19T14:15:43.508 waiting: haveP=1 haveAng=0 cal=3
2026-06-19T14:15:43.607 0.1,180.0,-91.6,43.60,1010, 3
2026-06-19T14:15:43.708 0.1,180.0,-91.9,44.00,1000, 3
2026-06-19T14:15:43.808 0.3,180.0,-91.8,44.00,1000, 3
2026-06-19T14:15:43.908 0.3,180.0,-91.8,43.72,1007, 3
2026-06-19T14:15:44.008 0.3,180.0,-91.8,43.40,1015, 3
2026-06-19T14:15:44.108 0.2,180.0,-91.7,43.72,1007, 3
2026-06-19T14:15:44.208 0.3,180.0,-91.6,43.76,1006, 3
2026-06-19T14:15:44.308 0.4,180.0,-91.3,43.72,1007, 3
2026-06-19T14:15:44.408 0.3,180.0,-91.4,44.48,988, 3
2026-06-19T14:15:44.508 0.2,180.0,-91.6,44.80,980, 3
2026-06-19T14:15:44.608 0.2,180.0,-91.5,45.64,959, 3
2026-06-19T14:15:44.708 0.5,180.0,-91.2,45.56,961, 3
2026-06-19T14:15:44.808 1.1,180.0,-90.5,46.20,945, 3
2026-06-19T14:15:44.907 1.7,180.0,-90.4,45.04,974, 3
2026-06-19T14:15:45.007 2.6,180.0,-90.3,45.32,967, 3
2026-06-19T14:15:45.108 3.5,179.9,-89.9,45.16,971, 3
2026-06-19T14:15:45.208 3.2,179.8,-89.8,45.08,973, 3
2026-06-19T14:15:45.308 2.8,179.3,-89.3,44.64,984, 3
2026-06-19T14:15:45.408 2.5,179.2,-89.2,45.16,971, 3
2026-06-19T14:15:45.513 3.3,178.5,-88.5,44.92,977, 3
2026-06-19T14:15:45.613 3.9,178.1,-88.1,45.28,968, 3
2026-06-19T14:15:45.712 4.1,178.0,-88.0,45.44,964, 3
2026-06-19T14:15:45.813 3.6,177.7,-87.7,45.12,972, 3
2026-06-19T14:15:45.913 3.1,177.5,-87.5,45.16,971, 3
2026-06-19T14:15:46.013 2.4,177.6,-87.6,45.16,971, 3
2026-06-19T14:15:46.113 1.8,178.1,-88.1,45.36,966, 3
2026-06-19T14:15:46.213 2.4,178.7,-88.7,45.44,964, 3
2026-06-19T14:15:46.313 4.1,179.6,-89.6,45.32,967, 3
2026-06-19T14:15:46.413 4.9,180.0,-90.8,45.60,960, 3
2026-06-19T14:15:46.513 4.6,180.0,-90.1,46.08,948, 3
2026-06-19T14:15:46.613 4.2,179.8,-89.8,46.04,949, 3
2026-06-19T14:15:46.713 4.6,180.0,-90.4,46.12,947, 3
2026-06-19T14:15:46.813 6.5,180.0,-90.9,46.48,938, 3
2026-06-19T14:15:46.913 9.8,180.0,-91.1,46.92,927, 3
2026-06-19T14:15:47.012 14.0,180.0,-90.8,47.08,923, 3
2026-06-19T14:15:47.114 17.5,180.0,-90.7,47.12,922, 3
2026-06-19T14:15:47.213 20.0,180.0,-90.3,47.44,914, 3
2026-06-19T14:15:47.312 20.3,180.0,-91.2,47.64,909, 3
2026-06-19T14:15:47.413 19.7,180.0,-91.8,47.72,907, 3
2026-06-19T14:15:47.518 18.6,180.0,-92.8,47.36,916, 3
2026-06-19T14:15:47.618 18.2,180.0,-92.8,47.48,913, 3
2026-06-19T14:15:47.718 17.7,180.0,-92.5,47.40,915, 3
2026-06-19T14:15:47.818 16.8,180.0,-92.5,46.96,926, 3
2026-06-19T14:15:47.918 16.5,180.0,-93.0,47.32,917, 3
2026-06-19T14:15:48.018 18.6,180.0,-91.1,47.44,914, 3
2026-06-19T14:15:48.118 18.6,180.0,-93.5,47.36,916, 3
2026-06-19T14:15:48.218 21.4,180.0,-93.4,47.40,915, 3
2026-06-19T14:15:48.318 23.3,180.0,-94.8,47.52,912, 3
2026-06-19T14:15:48.418 26.3,180.0,-94.3,47.12,922, 3
2026-06-19T14:15:48.518 27.4,180.0,-94.8,47.08,923, 3
2026-06-19T14:15:48.618 28.1,180.0,-94.7,47.16,921, 3
2026-06-19T14:15:48.718 28.1,180.0,-94.6,46.76,931, 3
2026-06-19T14:15:48.818 28.3,180.0,-94.1,46.64,934, 3
2026-06-19T14:15:48.917 29.3,180.0,-93.2,46.40,940, 3
2026-06-19T14:15:49.018 29.9,180.0,-93.6,46.20,945, 3
2026-06-19T14:15:49.118 32.6,180.0,-92.7,46.44,939, 3
2026-06-19T14:15:49.218 35.1,180.0,-93.1,46.56,936, 3
2026-06-19T14:15:49.318 37.9,180.0,-92.9,46.44,939, 3
2026-06-19T14:15:49.418 40.1,180.0,-92.2,46.40,940, 3
2026-06-19T14:15:49.523 39.6,180.0,-93.0,46.60,935, 3
2026-06-19T14:15:49.623 38.8,180.0,-92.4,46.40,940, 3
2026-06-19T14:15:49.722 35.8,180.0,-93.6,46.00,950, 3
2026-06-19T14:15:49.823 34.7,180.0,-93.2,46.60,935, 3
2026-06-19T14:15:49.922 34.7,180.0,-93.2,46.60,935, 3
2026-06-19T14:15:50.023 36.5,180.0,-92.6,46.60,935, 3
2026-06-19T14:15:50.123 38.4,180.0,-92.8,47.40,915, 3
2026-06-19T14:15:50.223 40.6,180.0,-92.8,47.16,921, 3
2026-06-19T14:15:50.322 41.5,180.0,-93.4,47.32,917, 3
2026-06-19T14:15:50.423 42.2,180.0,-93.4,47.48,913, 3
2026-06-19T14:15:50.523 42.0,180.0,-93.5,46.88,928, 3
2026-06-19T14:15:50.622 41.8,180.0,-93.4,46.56,936, 3
2026-06-19T14:15:50.723 41.8,180.0,-93.3,46.40,940, 3
2026-06-19T14:15:50.823 42.2,180.0,-93.6,46.28,943, 3
2026-06-19T14:15:50.923 43.7,180.0,-93.4,46.08,948, 3
2026-06-19T14:15:51.022 46.4,180.0,-92.7,46.08,948, 3
2026-06-19T14:15:51.123 50.4,180.0,-92.8,46.28,943, 3
2026-06-19T14:15:51.223 55.9,180.0,-92.7,45.88,953, 3
2026-06-19T14:15:51.323 60.3,180.0,-93.5,45.88,953, 3
2026-06-19T14:15:51.423 61.9,180.0,-94.8,45.80,955, 3
2026-06-19T14:15:51.528 62.1,180.0,-94.6,45.88,953, 3
2026-06-19T14:15:51.628 59.0,180.0,-95.4,45.72,957, 3
2026-06-19T14:15:51.728 57.0,180.0,-95.1,45.76,956, 3
2026-06-19T14:15:51.828 56.2,180.0,-93.9,46.28,943, 3
2026-06-19T14:15:51.928 56.3,180.0,-93.4,46.72,932, 3
2026-06-19T14:15:52.027 57.8,180.0,-92.7,46.48,938, 3
2026-06-19T14:15:52.128 59.0,180.0,-92.8,46.28,943, 3
2026-06-19T14:15:52.228 60.9,180.0,-92.4,46.40,940, 3
2026-06-19T14:15:52.328 61.3,180.0,-92.8,46.64,934, 3
2026-06-19T14:15:52.428 62.4,180.0,-91.4,46.20,945, 3
2026-06-19T14:15:52.528 61.5,180.0,-91.6,46.12,947, 3
2026-06-19T14:15:52.628 61.1,180.0,-90.7,45.92,952, 3
2026-06-19T14:15:52.728 59.1,180.0,-91.9,46.08,948, 3
2026-06-19T14:15:52.828 58.7,180.0,-92.2,45.76,956, 3
2026-06-19T14:15:52.928 59.6,180.0,-92.3,45.68,958, 3
2026-06-19T14:15:53.028 61.8,180.0,-92.7,45.76,956, 3
2026-06-19T14:15:53.128 65.6,180.0,-92.7,46.16,946, 3
2026-06-19T14:15:53.228 68.2,180.0,-93.2,45.64,959, 3
2026-06-19T14:15:53.328 71.0,180.0,-93.1,45.48,963, 3
2026-06-19T14:15:53.428 71.9,180.0,-94.0,45.16,971, 3
2026-06-19T14:15:53.533 73.5,180.0,-93.6,45.52,962, 3
2026-06-19T14:15:53.634 73.5,180.0,-94.3,45.52,962, 3
2026-06-19T14:15:53.733 74.6,180.0,-93.5,45.96,951, 3
2026-06-19T14:15:53.833 74.5,180.0,-94.0,45.40,965, 3
2026-06-19T14:15:53.932 76.3,180.0,-93.0,45.00,975, 3
2026-06-19T14:15:54.033 78.6,180.0,-92.5,45.36,966, 3
2026-06-19T14:15:54.133 81.6,180.0,-91.9,44.96,976, 3
2026-06-19T14:15:54.233 85.1,180.0,-91.4,45.32,967, 3
2026-06-19T14:15:54.333 88.9,180.0,-91.0,45.00,975, 3
2026-06-19T14:15:54.433 91.0,180.0,-92.0,45.08,973, 3
2026-06-19T14:15:54.533 93.1,180.0,-92.5,45.12,972, 3
2026-06-19T14:15:54.633 94.0,180.0,-93.5,45.16,971, 3
2026-06-19T14:15:54.733 95.1,180.0,-93.6,44.88,978, 3
2026-06-19T14:15:54.834 96.0,180.0,-93.5,44.80,980, 3
2026-06-19T14:15:54.933 97.0,180.0,-93.5,45.48,963, 3
2026-06-19T14:15:55.033 98.8,180.0,-93.2,45.44,964, 3
2026-06-19T14:15:55.133 101.8,180.0,-92.1,44.96,976, 3
2026-06-19T14:15:55.234 104.8,180.0,-91.4,45.16,971, 3
2026-06-19T14:15:55.333 107.1,180.0,-91.1,45.16,971, 3
2026-06-19T14:15:55.433 107.9,180.0,-92.0,44.92,977, 3
2026-06-19T14:15:55.538 109.4,180.0,-92.1,45.40,965, 3
2026-06-19T14:15:55.638 110.3,180.0,-93.1,46.08,948, 3
2026-06-19T14:15:55.738 111.9,180.0,-92.8,45.60,960, 3
2026-06-19T14:15:55.838 113.7,180.0,-91.8,45.84,954, 3
2026-06-19T14:15:55.938 115.8,180.0,-90.7,45.52,962, 3
2026-06-19T14:15:56.038 116.9,180.0,-90.8,45.96,951, 3
2026-06-19T14:15:56.138 118.0,180.0,-91.1,45.28,968, 3
2026-06-19T14:15:56.238 118.6,180.0,-92.0,45.12,972, 3
2026-06-19T14:15:56.338 120.4,180.0,-92.2,44.92,977, 3
2026-06-19T14:15:56.438 122.9,180.0,-92.1,45.04,974, 3
2026-06-19T14:15:56.538 125.8,180.0,-92.3,44.76,981, 3
2026-06-19T14:15:56.638 129.0,180.0,-92.3,44.84,979, 3
2026-06-19T14:15:56.738 131.7,180.0,-92.5,44.64,984, 3
2026-06-19T14:15:56.838 133.6,180.0,-92.2,44.44,989, 3
2026-06-19T14:15:56.938 134.5,180.0,-91.5,44.20,995, 3
2026-06-19T14:15:57.037 134.0,180.0,-91.4,43.80,1005, 3
2026-06-19T14:15:57.138 133.1,180.0,-91.2,42.84,1029, 3
2026-06-19T14:15:57.238 131.6,180.0,-91.9,42.64,1034, 3
2026-06-19T14:15:57.338 131.5,180.0,-91.4,42.28,1043, 3
2026-06-19T14:15:57.438 131.2,180.0,-91.8,42.36,1041, 3
2026-06-19T14:15:57.543 131.5,180.0,-92.2,42.44,1039, 3
2026-06-19T14:15:57.643 132.1,180.0,-93.0,42.44,1039, 3
2026-06-19T14:15:57.742 134.0,180.0,-93.0,42.48,1038, 3
2026-06-19T14:15:57.843 136.7,180.0,-92.5,42.60,1035, 3
2026-06-19T14:15:57.943 139.6,180.0,-92.1,42.60,1035, 3
2026-06-19T14:15:58.043 142.3,180.0,-91.5,42.16,1046, 3
2026-06-19T14:15:58.143 143.7,180.0,-91.5,43.24,1019, 3
2026-06-19T14:15:58.243 144.7,180.0,-91.1,43.04,1024, 3
2026-06-19T14:15:58.343 144.5,180.0,-91.3,43.80,1005, 3
2026-06-19T14:15:58.443 145.3,180.0,-90.8,43.68,1008, 3
2026-06-19T14:15:58.543 145.8,180.0,-91.1,44.04,999, 3
2026-06-19T14:15:58.643 146.9,180.0,-91.1,44.84,979, 3
2026-06-19T14:15:58.743 147.6,180.0,-92.0,45.20,970, 3
2026-06-19T14:15:58.843 148.9,180.0,-92.6,45.16,971, 3
2026-06-19T14:15:58.943 150.5,180.0,-93.4,45.76,956, 3
2026-06-19T14:15:59.043 153.4,180.0,-92.7,45.20,970, 3
2026-06-19T14:15:59.143 156.0,180.0,-92.2,45.56,961, 3
2026-06-19T14:15:59.243 158.4,180.0,-91.4,45.08,973, 3
2026-06-19T14:15:59.343 159.4,180.0,-91.5,45.04,974, 3
2026-06-19T14:15:59.443 160.3,180.0,-91.4,44.88,978, 3
2026-06-19T14:15:59.548 161.5,180.0,-91.2,44.96,976, 3
2026-06-19T14:15:59.648 162.8,180.0,-91.0,44.96,976, 3
2026-06-19T14:15:59.748 164.2,180.0,-90.7,45.60,960, 3
2026-06-19T14:15:59.848 165.5,180.0,-90.9,45.52,962, 3
2026-06-19T14:15:59.948 165.9,180.0,-91.8,45.72,957, 3
2026-06-19T14:16:00.048 166.3,180.0,-93.0,45.72,957, 3
2026-06-19T14:16:00.148 167.0,180.0,-94.0,45.28,968, 3
2026-06-19T14:16:00.248 167.7,180.0,-94.1,45.24,969, 3
2026-06-19T14:16:00.348 167.2,180.0,-94.2,46.40,940, 3
2026-06-19T14:16:00.447 166.4,180.0,-93.9,46.24,944, 3
2026-06-19T14:16:00.548 167.1,180.0,-91.5,45.80,955, 3
2026-06-19T14:16:00.649 167.5,180.0,-90.1,46.40,940, 3
2026-06-19T14:16:00.748 169.0,179.5,-89.5,45.60,960, 3
2026-06-19T14:16:00.848 172.3,179.2,-89.2,46.36,941, 3
2026-06-19T14:16:00.948 175.8,179.9,-89.9,46.08,948, 3
2026-06-19T14:16:01.048 180.0,179.8,-89.8,46.16,946, 3
2026-06-19T14:16:01.148 182.8,180.0,-90.6,45.68,958, 3
2026-06-19T14:16:01.248 183.6,180.0,-92.2,45.60,960, 3
2026-06-19T14:16:01.348 183.7,180.0,-93.2,45.40,965, 3
2026-06-19T14:16:01.448 184.5,180.0,-93.3,45.08,973, 3
2026-06-19T14:16:01.553 185.8,180.0,-93.5,44.68,983, 3
2026-06-19T14:16:01.653 189.5,180.0,-92.0,44.64,984, 3
2026-06-19T14:16:01.753 191.5,180.0,-93.5,44.00,1000, 3
2026-06-19T14:16:01.853 196.0,180.0,-91.9,43.84,1004, 3
2026-06-19T14:16:01.953 199.2,180.0,-91.2,44.08,998, 3
2026-06-19T14:16:02.052 202.3,179.5,-89.5,44.04,999, 3
2026-06-19T14:16:02.153 203.1,179.7,-89.7,43.52,1012, 3
2026-06-19T14:16:02.253 203.4,179.5,-89.5,44.12,997, 3
2026-06-19T14:16:02.353 203.3,179.6,-89.6,43.84,1004, 3
2026-06-19T14:16:02.453 201.9,180.0,-91.0,43.52,1012, 3
2026-06-19T14:16:02.553 202.9,179.9,-89.9,43.68,1008, 3
2026-06-19T14:16:02.653 204.4,179.5,-89.5,43.80,1005, 3
2026-06-19T14:16:02.753 206.5,179.3,-89.3,44.16,996, 3
2026-06-19T14:16:02.853 208.4,179.9,-89.9,44.36,991, 3
2026-06-19T14:16:02.953 210.8,179.4,-89.4,44.44,989, 3
2026-06-19T14:16:03.053 212.2,179.3,-89.3,44.32,992, 3
2026-06-19T14:16:03.152 213.2,179.2,-89.2,44.08,998, 3
2026-06-19T14:16:03.253 212.1,180.0,-91.7,44.04,999, 3
2026-06-19T14:16:03.353 213.9,180.0,-90.3,43.80,1005, 3
2026-06-19T14:16:03.453 213.2,180.0,-91.7,43.76,1006, 3
2026-06-19T14:16:03.558 213.4,180.0,-92.2,43.88,1003, 3
2026-06-19T14:16:03.658 214.1,180.0,-91.8,44.24,994, 3
2026-06-19T14:16:03.758 215.0,180.0,-90.1,44.40,990, 3
2026-06-19T14:16:03.858 215.2,179.3,-89.3,44.08,998, 3
2026-06-19T14:16:03.957 215.2,179.4,-89.4,44.00,1000, 3
2026-06-19T14:16:04.058 216.1,179.3,-89.3,43.40,1015, 3
2026-06-19T14:16:04.158 217.3,179.8,-89.8,42.52,1037, 3
2026-06-19T14:16:04.257 219.0,180.0,-90.0,41.68,1058, 3
2026-06-19T14:16:04.358 219.1,180.0,-91.4,41.72,1057, 3
2026-06-19T14:16:04.458 218.2,180.0,-92.6,41.28,1068, 3
2026-06-19T14:16:04.558 217.8,180.0,-92.3,41.48,1063, 3
2026-06-19T14:16:04.658 217.3,180.0,-92.4,41.92,1052, 3
2026-06-19T14:16:04.758 218.9,180.0,-91.7,41.20,1070, 3
2026-06-19T14:16:04.857 220.8,180.0,-92.5,41.28,1068, 3
2026-06-19T14:16:04.958 225.1,180.0,-91.4,41.84,1054, 3
2026-06-19T14:16:05.058 228.2,180.0,-92.0,41.68,1058, 3
2026-06-19T14:16:05.158 232.1,180.0,-90.6,41.88,1053, 3
2026-06-19T14:16:05.257 233.8,180.0,-90.4,42.36,1041, 3
2026-06-19T14:16:05.358 233.4,180.0,-91.3,42.36,1041, 3
2026-06-19T14:16:05.458 232.4,180.0,-91.8,41.96,1051, 3
2026-06-19T14:16:05.563 231.1,180.0,-92.1,41.08,1073, 3
2026-06-19T14:16:05.662 230.6,180.0,-91.9,41.76,1056, 3
2026-06-19T14:16:05.763 231.3,180.0,-91.3,41.64,1059, 3
2026-06-19T14:16:05.863 232.7,180.0,-91.4,42.32,1042, 3
2026-06-19T14:16:05.963 235.6,180.0,-90.6,42.40,1040, 3
2026-06-19T14:16:06.063 237.4,180.0,-91.3,42.28,1043, 3
2026-06-19T14:16:06.162 239.9,180.0,-90.7,42.80,1030, 3
2026-06-19T14:16:06.263 241.1,180.0,-91.4,42.08,1048, 3
2026-06-19T14:16:06.363 241.6,180.0,-92.3,41.60,1060, 3
2026-06-19T14:16:06.463 241.8,180.0,-92.4,41.68,1058, 3
2026-06-19T14:16:06.563 241.3,180.0,-93.6,41.88,1053, 3
2026-06-19T14:16:06.663 242.8,180.0,-93.0,41.96,1051, 3
2026-06-19T14:16:06.763 244.8,180.0,-92.5,42.20,1045, 3
2026-06-19T14:16:06.863 247.5,180.0,-91.1,41.92,1052, 3
2026-06-19T14:16:06.963 249.9,179.9,-89.9,42.24,1044, 3
2026-06-19T14:16:07.062 252.1,178.9,-88.9,42.36,1041, 3
2026-06-19T14:16:07.163 252.5,179.3,-89.3,41.84,1054, 3
2026-06-19T14:16:07.263 251.8,180.0,-90.1,41.80,1055, 3
2026-06-19T14:16:07.363 250.1,180.0,-91.9,41.52,1062, 3
2026-06-19T14:16:07.463 249.7,180.0,-92.2,41.12,1072, 3
2026-06-19T14:16:07.568 249.9,180.0,-92.7,41.28,1068, 3
2026-06-19T14:16:07.668 251.5,180.0,-92.7,41.16,1071, 3
2026-06-19T14:16:07.768 255.0,180.0,-90.9,41.84,1054, 3
2026-06-19T14:16:07.868 257.4,180.0,-90.4,41.20,1070, 3
2026-06-19T14:16:07.968 259.1,179.8,-89.8,41.20,1070, 3
2026-06-19T14:16:08.068 259.7,179.5,-89.5,41.32,1067, 3
2026-06-19T14:16:08.168 257.2,180.0,-91.6,41.84,1054, 3
2026-06-19T14:16:08.268 255.8,180.0,-91.1,42.44,1039, 3
2026-06-19T14:16:08.368 253.3,180.0,-92.0,42.68,1033, 3
2026-06-19T14:16:08.468 253.1,180.0,-91.2,42.84,1029, 3
2026-06-19T14:16:08.568 252.9,180.0,-91.9,42.92,1027, 3
2026-06-19T14:16:08.668 255.0,180.0,-90.4,42.76,1031, 3
2026-06-19T14:16:08.768 255.9,180.0,-90.2,42.68,1033, 3
2026-06-19T14:16:08.868 256.3,180.0,-90.5,42.48,1038, 3
2026-06-19T14:16:08.968 256.9,180.0,-90.2,41.64,1059, 3
2026-06-19T14:16:09.069 255.6,180.0,-91.9,41.80,1055, 3
2026-06-19T14:16:09.168 256.7,180.0,-90.0,41.16,1071, 3
2026-06-19T14:16:09.268 255.2,180.0,-91.6,40.92,1077, 3
2026-06-19T14:16:09.368 256.5,180.0,-90.2,41.24,1069, 3
2026-06-19T14:16:09.468 256.2,180.0,-91.9,40.76,1081, 3
2026-06-19T14:16:09.573 258.5,180.0,-90.3,40.92,1077, 3
2026-06-19T14:16:09.673 260.0,179.9,-89.9,40.88,1078, 3
2026-06-19T14:16:09.773 261.5,179.3,-89.3,40.76,1081, 3
2026-06-19T14:16:09.873 263.5,178.4,-88.4,40.44,1089, 3
2026-06-19T14:16:09.973 263.3,180.0,-90.5,40.16,1096, 3
2026-06-19T14:16:10.072 264.8,180.0,-90.2,39.72,1107, 3
2026-06-19T14:16:10.172 264.9,180.0,-91.6,38.76,1131, 3
2026-06-19T14:16:10.272 266.1,180.0,-91.5,39.20,1120, 3
2026-06-19T14:16:10.372 267.0,180.0,-91.8,39.24,1119, 3
2026-06-19T14:16:10.474 268.8,180.0,-91.6,38.84,1129, 3
2026-06-19T14:16:10.573 271.1,180.0,-91.4,38.52,1137, 3
2026-06-19T14:16:10.672 273.8,180.0,-91.4,38.16,1146, 3
2026-06-19T14:16:10.773 276.9,180.0,-90.7,38.12,1147, 3
2026-06-19T14:16:10.873 277.4,180.0,-92.5,38.08,1148, 3
2026-06-19T14:16:10.972 279.7,180.0,-90.9,37.48,1163, 3
2026-06-19T14:16:11.072 278.8,180.0,-92.5,37.24,1169, 3
2026-06-19T14:16:11.173 279.9,180.0,-91.4,36.80,1180, 3
2026-06-19T14:16:11.273 279.4,180.0,-92.8,37.24,1169, 3
2026-06-19T14:16:11.373 281.6,180.0,-91.4,38.16,1146, 3
2026-06-19T14:16:11.473 282.9,180.0,-91.6,38.08,1148, 3
2026-06-19T14:16:11.578 284.5,180.0,-91.7,37.56,1161, 3
2026-06-19T14:16:11.679 285.5,180.0,-92.1,37.68,1158, 3
2026-06-19T14:16:11.778 286.0,180.0,-92.5,37.56,1161, 3
2026-06-19T14:16:11.878 287.9,180.0,-90.7,37.80,1155, 3
2026-06-19T14:16:11.978 288.4,180.0,-90.8,37.48,1163, 3
2026-06-19T14:16:12.077 290.0,180.0,-90.0,37.72,1157, 3
2026-06-19T14:16:12.178 291.3,180.0,-90.2,38.68,1133, 3
2026-06-19T14:16:12.278 292.9,180.0,-90.2,38.36,1141, 3
2026-06-19T14:16:12.378 294.5,180.0,-90.5,38.20,1145, 3
2026-06-19T14:16:12.478 295.3,180.0,-91.7,38.16,1146, 3
2026-06-19T14:16:12.579 296.2,180.0,-92.1,38.08,1148, 3
2026-06-19T14:16:12.678 297.2,180.0,-91.7,38.76,1131, 3
2026-06-19T14:16:12.778 297.6,180.0,-91.9,39.36,1116, 3
2026-06-19T14:16:12.878 298.2,180.0,-92.1,38.92,1127, 3
2026-06-19T14:16:12.978 298.5,180.0,-92.5,39.00,1125, 3
2026-06-19T14:16:13.078 300.6,180.0,-90.9,40.00,1100, 3
2026-06-19T14:16:13.178 301.3,180.0,-91.4,39.92,1102, 3
2026-06-19T14:16:13.278 304.3,179.6,-89.6,39.56,1111, 3
2026-06-19T14:16:13.378 303.3,180.0,-93.0,39.96,1101, 3
2026-06-19T14:16:13.479 306.1,180.0,-91.3,40.52,1087, 3
2026-06-19T14:16:13.583 305.5,180.0,-93.6,40.76,1081, 3
2026-06-19T14:16:13.683 306.9,180.0,-92.8,40.60,1085, 3
2026-06-19T14:16:13.783 308.0,180.0,-92.4,40.84,1079, 3
2026-06-19T14:16:13.884 309.3,180.0,-91.4,40.72,1082, 3
2026-06-19T14:16:13.983 311.4,179.4,-89.4,41.20,1070, 3
2026-06-19T14:16:14.083 311.8,179.8,-89.8,41.80,1055, 3
2026-06-19T14:16:14.183 314.2,178.5,-88.5,42.40,1040, 3
2026-06-19T14:16:14.284 313.2,180.0,-91.9,42.40,1040, 3
2026-06-19T14:16:14.383 317.6,179.0,-89.0,42.92,1027, 3
2026-06-19T14:16:14.483 316.4,180.0,-92.3,43.84,1004, 3
2026-06-19T14:16:14.583 318.7,180.0,-91.2,44.20,995, 3
2026-06-19T14:16:14.683 319.5,180.0,-91.9,44.32,992, 3
2026-06-19T14:16:14.783 320.2,180.0,-92.5,44.72,982, 3
2026-06-19T14:16:14.883 322.5,180.0,-90.8,45.04,974, 3
2026-06-19T14:16:14.983 321.8,180.0,-93.0,44.52,987, 3
2026-06-19T14:16:15.083 325.5,180.0,-90.1,45.12,972, 3
2026-06-19T14:16:15.183 324.1,180.0,-94.3,44.96,976, 3
2026-06-19T14:16:15.283 328.3,180.0,-91.5,45.28,968, 3
2026-06-19T14:16:15.383 328.4,180.0,-93.8,45.00,975, 3
2026-06-19T14:16:15.483 331.7,180.0,-91.2,44.44,989, 3
2026-06-19T14:16:15.588 331.5,180.0,-92.1,44.72,982, 3
2026-06-19T14:16:15.688 333.0,180.0,-90.1,44.52,987, 3
2026-06-19T14:16:15.788 332.9,180.0,-90.2,44.84,979, 3
2026-06-19T14:16:15.888 333.9,179.5,-89.5,45.32,967, 3
2026-06-19T14:16:15.988 334.5,180.0,-90.2,45.16,971, 3
2026-06-19T14:16:16.088 336.5,179.8,-89.8,45.32,967, 3
2026-06-19T14:16:16.188 338.3,179.6,-89.6,45.80,955, 3
2026-06-19T14:16:16.288 338.9,180.0,-90.9,45.92,952, 3
2026-06-19T14:16:16.388 341.9,179.0,-89.0,46.08,948, 3
2026-06-19T14:16:16.488 341.7,180.0,-90.2,46.20,945, 3
2026-06-19T14:16:16.588 343.4,179.3,-89.3,46.88,928, 3
2026-06-19T14:16:16.688 343.6,180.0,-90.6,47.16,921, 3
2026-06-19T14:16:16.788 344.5,180.0,-91.5,47.12,922, 3
2026-06-19T14:16:16.888 345.3,180.0,-93.5,47.72,907, 3
2026-06-19T14:16:16.988 347.9,180.0,-92.7,47.68,908, 3
2026-06-19T14:16:17.087 348.8,180.0,-94.7,47.72,907, 3
2026-06-19T14:16:17.188 351.1,180.0,-93.8,47.40,915, 3
2026-06-19T14:16:17.288 352.7,180.0,-92.3,47.60,910, 3
2026-06-19T14:16:17.388 352.8,180.0,-91.3,48.24,894, 3
2026-06-19T14:16:17.488 352.9,179.6,-89.6,47.96,901, 3
2026-06-19T14:16:17.593 353.2,178.5,-88.5,48.40,890, 3
2026-06-19T14:16:17.693 354.4,177.5,-87.5,48.52,887, 3
2026-06-19T14:16:17.793 354.6,179.8,-89.8,48.36,891, 3
2026-06-19T14:16:17.893 358.5,179.0,-89.0,48.20,895, 3
2026-06-19T14:16:17.993 358.7,180.0,-91.8,47.72,907, 3
2026-06-19T14:16:18.092 0.5,180.0,-91.1,47.52,912, 3
2026-06-19T14:16:18.193 358.9,180.0,-92.2,47.76,906, 3
2026-06-19T14:16:18.293 358.8,179.6,-89.6,47.72,907, 3
2026-06-19T14:16:18.393 356.2,180.0,-90.0,47.16,921, 3
2026-06-19T14:16:18.493 356.6,178.5,-88.5,47.24,919, 3
2026-06-19T14:16:18.593 357.5,179.1,-89.1,47.24,919, 3
2026-06-19T14:16:18.693 1.4,178.4,-88.4,47.16,921, 3
2026-06-19T14:16:18.793 3.3,180.0,-90.2,46.72,932, 3
2026-06-19T14:16:18.893 5.7,180.0,-90.0,46.80,930, 3
2026-06-19T14:16:18.993 5.0,180.0,-91.4,47.04,924, 3
2026-06-19T14:16:19.093 4.0,180.0,-91.3,48.16,896, 3
2026-06-19T14:16:19.193 2.4,180.0,-91.0,48.12,897, 3
2026-06-19T14:16:19.293 1.9,180.0,-90.3,47.96,901, 3
2026-06-19T14:16:19.393 2.6,179.8,-89.8,48.36,891, 3
2026-06-19T14:16:19.493 5.0,179.6,-89.6,48.36,891, 3
2026-06-19T14:16:19.598 8.6,179.3,-89.3,48.48,888, 3
2026-06-19T14:16:19.699 10.2,180.0,-91.5,47.92,902, 3
2026-06-19T14:16:19.798 12.6,180.0,-90.9,47.28,918, 3
2026-06-19T14:16:19.898 12.0,180.0,-91.9,48.16,896, 3
2026-06-19T14:16:19.998 10.5,180.0,-91.8,48.24,894, 3
2026-06-19T14:16:20.099 8.1,180.0,-92.5,48.56,886, 3
2026-06-19T14:16:20.198 7.1,180.0,-91.7,48.44,889, 3
2026-06-19T14:16:20.298 6.1,180.0,-92.0,49.00,875, 3
2026-06-19T14:16:20.398 6.5,180.0,-91.6,49.12,872, 3
2026-06-19T14:16:20.498 8.2,180.0,-90.7,48.80,880, 3
2026-06-19T14:16:20.598 10.1,179.6,-89.6,48.32,892, 3
2026-06-19T14:16:20.698 10.4,180.0,-90.2,48.64,884, 3
2026-06-19T14:16:20.798 10.8,180.0,-90.1,48.56,886, 3
2026-06-19T14:16:20.899 12.0,178.9,-88.9,48.44,889, 3
# ---- session end   2026-06-19T14:16:20+0200  port=/dev/ttyACM0 baud=115200  fallback=GNSS ----
