# ---- session start 2026-06-19T15:04:29+0200  port=/dev/ttyACM0 baud=115200  fallback=V2X ----
2026-06-19T15:04:29.421 65.8,180.0,-170.0,25.36,1466, 3
2026-06-19T15:04:29.521 65.7,180.0,-170.3,26.28,1443, 3
2026-06-19T15:04:29.621 65.8,180.0,-170.4,25.20,1470, 3
2026-06-19T15:04:29.721 65.6,180.0,-170.6,25.24,1469, 3
2026-06-19T15:04:29.821 65.7,180.0,-170.5,26.20,1445, 3
2026-06-19T15:04:29.921 65.6,180.0,-170.8,26.84,1429, 3
2026-06-19T15:04:30.021 65.5,180.0,-170.9,27.04,1424, 3
2026-06-19T15:04:30.121 65.5,180.0,-171.0,27.72,1407, 3
2026-06-19T15:04:30.226 65.4,180.0,-171.2,27.24,1419, 3
2026-06-19T15:04:30.326 65.5,180.0,-171.3,25.00,1475, 3
2026-06-19T15:04:30.426 65.3,180.0,-171.4,25.08,1473, 3
2026-06-19T15:04:30.526 65.2,180.0,-171.6,28.20,1395, 3
2026-06-19T15:04:30.626 65.1,180.0,-171.6,27.44,1414, 3
2026-06-19T15:04:30.726 65.1,180.0,-171.6,27.36,1416, 3
2026-06-19T15:04:30.826 65.0,180.0,-171.7,26.64,1434, 3
2026-06-19T15:04:30.926 65.0,180.0,-172.1,26.96,1426, 3
2026-06-19T15:04:31.026 65.0,180.0,-171.9,27.84,1404, 3
2026-06-19T15:04:31.126 65.0,180.0,-171.8,27.64,1409, 3
2026-06-19T15:04:31.226 64.9,180.0,-171.8,28.24,1394, 3
2026-06-19T15:04:31.326 64.9,180.0,-172.0,28.36,1391, 3
2026-06-19T15:04:31.426 65.0,180.0,-172.0,27.96,1401, 3
2026-06-19T15:04:31.526 65.0,180.0,-172.0,28.40,1390, 3
2026-06-19T15:04:31.626 65.0,180.0,-171.8,27.68,1408, 3
2026-06-19T15:04:31.726 65.0,180.0,-171.8,27.80,1405, 3
2026-06-19T15:04:31.825 65.0,180.0,-172.2,27.56,1411, 3
2026-06-19T15:04:31.926 64.8,180.0,-172.3,25.48,1463, 3
2026-06-19T15:04:32.025 64.9,180.0,-171.8,24.48,1488, 3
2026-06-19T15:04:32.126 64.3,180.0,-172.5,23.72,1507, 3
2026-06-19T15:04:32.231 63.0,180.0,-173.4,27.16,1421, 3
2026-06-19T15:04:32.331 61.4,180.0,-173.5,24.48,1488, 3
2026-06-19T15:04:32.431 59.5,180.0,-174.2,25.28,1468, 3
2026-06-19T15:04:32.531 57.1,180.0,-173.9,26.24,1444, 3
2026-06-19T15:04:32.631 55.0,180.0,-173.2,23.96,1501, 3
2026-06-19T15:04:32.731 53.4,180.0,-173.0,24.52,1487, 3
2026-06-19T15:04:32.831 52.4,180.0,-172.9,24.80,1480, 3
2026-06-19T15:04:32.931 51.9,180.0,-172.9,24.88,1478, 3
2026-06-19T15:04:33.031 51.3,180.0,-172.7,25.20,1470, 3
2026-06-19T15:04:33.131 50.4,180.0,-172.7,26.08,1448, 3
2026-06-19T15:04:33.231 49.4,180.0,-172.1,26.32,1442, 3
2026-06-19T15:04:33.331 47.4,180.0,-172.0,25.36,1466, 3
2026-06-19T15:04:33.431 44.3,180.0,-171.8,25.32,1467, 3
2026-06-19T15:04:33.531 41.6,180.0,-171.1,25.28,1468, 3
2026-06-19T15:04:33.631 39.0,180.0,-170.9,25.04,1474, 3
2026-06-19T15:04:33.731 37.5,180.0,-171.1,25.48,1463, 3
2026-06-19T15:04:33.831 36.8,180.0,-171.0,24.60,1485, 3
2026-06-19T15:04:33.931 36.5,180.0,-170.3,26.00,1450, 3
2026-06-19T15:04:34.031 35.8,180.0,-169.9,26.04,1449, 3
2026-06-19T15:04:34.131 34.8,180.0,-169.2,26.00,1450, 3
2026-06-19T15:04:34.236 33.6,180.0,-169.3,23.12,1522, 3
2026-06-19T15:04:34.336 32.2,180.0,-169.3,25.00,1475, 3
2026-06-19T15:04:34.436 31.4,180.0,-168.7,23.68,1508, 3
2026-06-19T15:04:34.537 31.2,180.0,-169.0,24.64,1484, 3
2026-06-19T15:04:34.637 30.3,180.0,-169.0,21.88,1553, 3
2026-06-19T15:04:34.736 29.1,180.0,-168.6,23.72,1507, 3
2026-06-19T15:04:34.836 28.1,180.0,-168.0,24.56,1486, 3
2026-06-19T15:04:34.937 27.4,180.0,-168.4,29.88,1353, 3
2026-06-19T15:04:35.036 27.0,180.0,-168.2,22.56,1536, 3
2026-06-19T15:04:35.137 27.0,180.0,-168.6,22.68,1533, 3
2026-06-19T15:04:35.236 26.6,180.0,-168.8,21.40,1565, 3
2026-06-19T15:04:35.336 25.5,180.0,-169.4,22.20,1545, 3
2026-06-19T15:04:35.436 24.4,180.0,-169.8,23.52,1512, 3
2026-06-19T15:04:35.537 23.4,180.0,-170.0,24.44,1489, 3
2026-06-19T15:04:35.636 21.8,180.0,-170.4,23.12,1522, 3
2026-06-19T15:04:35.736 19.7,180.0,-170.2,23.28,1518, 3
2026-06-19T15:04:35.836 17.8,180.0,-170.3,23.56,1511, 3
2026-06-19T15:04:35.937 16.2,180.0,-169.9,23.08,1523, 3
2026-06-19T15:04:36.036 15.6,180.0,-170.0,23.04,1524, 3
2026-06-19T15:04:36.136 14.8,180.0,-170.6,24.24,1494, 3
2026-06-19T15:04:36.242 13.9,180.0,-170.9,22.64,1534, 3
2026-06-19T15:04:36.341 12.7,180.0,-170.9,25.24,1469, 3
2026-06-19T15:04:36.441 11.5,180.0,-171.0,23.76,1506, 3
2026-06-19T15:04:36.541 10.0,180.0,-171.1,22.32,1542, 3
2026-06-19T15:04:36.641 7.9,180.0,-171.3,23.08,1523, 3
2026-06-19T15:04:36.741 5.3,180.0,-171.6,23.80,1505, 3
2026-06-19T15:04:36.841 3.2,180.0,-171.4,22.48,1538, 3
2026-06-19T15:04:36.941 1.9,180.0,-171.7,26.56,1436, 3
2026-06-19T15:04:37.041 1.3,180.0,-171.7,22.60,1535, 3
2026-06-19T15:04:37.141 0.5,180.0,-171.6,21.36,1566, 3
2026-06-19T15:04:37.241 0.1,180.0,-171.3,22.04,1549, 3
2026-06-19T15:04:37.342 358.5,180.0,-171.5,22.84,1529, 3
2026-06-19T15:04:37.441 356.3,180.0,-171.5,22.04,1549, 3
2026-06-19T15:04:37.541 354.2,180.0,-171.8,24.92,1477, 3
2026-06-19T15:04:37.641 351.2,180.0,-172.2,24.36,1491, 3
2026-06-19T15:04:37.741 348.7,180.0,-173.3,24.24,1494, 3
2026-06-19T15:04:37.841 346.8,180.0,-172.0,23.52,1512, 3
2026-06-19T15:04:37.941 345.9,180.0,-171.8,24.56,1486, 3
2026-06-19T15:04:38.041 344.9,180.0,-172.8,22.84,1529, 3
2026-06-19T15:04:38.141 343.8,180.0,-172.1,24.04,1499, 3
2026-06-19T15:04:38.246 342.9,180.0,-172.1,21.76,1556, 3
2026-06-19T15:04:38.346 342.1,180.0,-172.1,23.88,1503, 3
2026-06-19T15:04:38.446 341.1,180.0,-172.3,21.68,1558, 3
2026-06-19T15:04:38.546 339.6,180.0,-172.5,21.72,1557, 3
2026-06-19T15:04:38.646 336.9,180.0,-172.2,22.48,1538, 3
2026-06-19T15:04:38.746 335.4,180.0,-172.8,21.48,1563, 3
2026-06-19T15:04:38.846 333.5,180.0,-172.1,21.08,1573, 3
2026-06-19T15:04:38.946 332.8,180.0,-171.6,24.44,1489, 3
2026-06-19T15:04:39.046 332.1,180.0,-171.5,23.40,1515, 3
2026-06-19T15:04:39.146 331.5,180.0,-171.6,22.20,1545, 3
2026-06-19T15:04:39.246 330.6,180.0,-171.6,25.84,1454, 3
2026-06-19T15:04:39.346 329.7,180.0,-171.8,22.72,1532, 3
2026-06-19T15:04:39.446 328.2,180.0,-172.2,22.40,1540, 3
2026-06-19T15:04:39.546 326.1,180.0,-172.5,24.60,1485, 3
2026-06-19T15:04:39.646 323.6,180.0,-172.5,26.32,1442, 3
2026-06-19T15:04:39.746 321.6,180.0,-173.2,22.16,1546, 3
2026-06-19T15:04:39.846 319.6,180.0,-173.2,21.48,1563, 3
2026-06-19T15:04:39.946 318.6,180.0,-172.7,21.20,1570, 3
2026-06-19T15:04:40.046 317.3,180.0,-172.9,22.76,1531, 3
2026-06-19T15:04:40.146 315.6,180.0,-173.0,22.32,1542, 3
2026-06-19T15:04:40.251 314.3,180.0,-172.2,22.88,1528, 3
2026-06-19T15:04:40.351 313.5,180.0,-172.3,22.12,1547, 3
2026-06-19T15:04:40.451 311.9,180.0,-171.7,22.04,1549, 3
2026-06-19T15:04:40.551 309.9,180.0,-172.0,22.84,1529, 3
2026-06-19T15:04:40.651 306.5,180.0,-173.1,22.24,1544, 3
2026-06-19T15:04:40.751 303.9,180.0,-173.7,23.56,1511, 3
2026-06-19T15:04:40.852 301.4,180.0,-172.9,23.12,1522, 3
2026-06-19T15:04:40.952 299.7,180.0,-173.4,28.76,1381, 3
2026-06-19T15:04:41.051 298.4,180.0,-172.6,22.68,1533, 3
2026-06-19T15:04:41.150 297.5,180.0,-173.0,22.04,1549, 3
2026-06-19T15:04:41.251 296.9,180.0,-173.2,24.20,1495, 3
2026-06-19T15:04:41.351 295.8,180.0,-173.2,22.24,1544, 3
2026-06-19T15:04:41.451 294.7,180.0,-173.2,21.28,1568, 3
2026-06-19T15:04:41.551 293.1,180.0,-173.4,22.76,1531, 3
2026-06-19T15:04:41.652 291.1,180.0,-173.7,22.88,1528, 3
2026-06-19T15:04:41.751 289.2,180.0,-173.6,23.00,1525, 3
2026-06-19T15:04:41.851 287.2,180.0,-173.1,24.16,1496, 3
2026-06-19T15:04:41.952 285.9,180.0,-173.1,24.20,1495, 3
2026-06-19T15:04:42.052 285.5,180.0,-173.3,23.76,1506, 3
2026-06-19T15:04:42.151 285.1,180.0,-173.3,25.20,1470, 3
2026-06-19T15:04:42.256 284.4,180.0,-173.5,24.04,1499, 3
2026-06-19T15:04:42.356 282.9,180.0,-174.3,24.48,1488, 3
2026-06-19T15:04:42.456 281.1,180.0,-174.3,25.92,1452, 3
2026-06-19T15:04:42.556 278.3,180.0,-173.9,25.88,1453, 3
2026-06-19T15:04:42.656 274.3,180.0,-173.6,23.12,1522, 3
2026-06-19T15:04:42.756 271.0,180.0,-174.1,24.04,1499, 3
2026-06-19T15:04:42.856 268.3,180.0,-173.8,23.36,1516, 3
2026-06-19T15:04:42.956 267.3,180.0,-173.5,24.56,1486, 3
2026-06-19T15:04:43.056 267.2,180.0,-173.3,28.76,1381, 3
2026-06-19T15:04:43.156 266.7,180.0,-173.7,25.84,1454, 3
2026-06-19T15:04:43.257 266.5,180.0,-173.7,26.28,1443, 3
2026-06-19T15:04:43.356 265.9,180.0,-173.4,24.32,1492, 3
2026-06-19T15:04:43.457 265.0,180.0,-174.1,27.08,1423, 3
2026-06-19T15:04:43.557 263.5,180.0,-173.8,28.56,1386, 3
2026-06-19T15:04:43.656 261.8,180.0,-173.8,27.32,1417, 3
2026-06-19T15:04:43.756 259.7,180.0,-173.5,25.08,1473, 3
2026-06-19T15:04:43.856 257.7,180.0,-172.9,25.52,1462, 3
2026-06-19T15:04:43.956 255.7,180.0,-173.4,25.44,1464, 3
2026-06-19T15:04:44.056 254.3,180.0,-174.4,27.64,1409, 3
2026-06-19T15:04:44.156 253.7,180.0,-173.1,28.16,1396, 3
2026-06-19T15:04:44.261 253.3,180.0,-173.7,25.72,1457, 3
2026-06-19T15:04:44.361 252.9,180.0,-173.6,26.44,1439, 3
2026-06-19T15:04:44.461 252.8,180.0,-173.4,26.40,1440, 3
2026-06-19T15:04:44.561 251.7,180.0,-173.3,26.32,1442, 3
2026-06-19T15:04:44.661 250.5,180.0,-172.9,26.36,1441, 3
2026-06-19T15:04:44.761 249.4,180.0,-173.0,26.48,1438, 3
2026-06-19T15:04:44.862 248.5,180.0,-173.0,25.12,1472, 3
2026-06-19T15:04:44.961 247.2,180.0,-173.6,23.56,1511, 3
2026-06-19T15:04:45.061 246.7,180.0,-173.1,25.80,1455, 3
2026-06-19T15:04:45.161 246.2,180.0,-173.6,25.48,1463, 3
2026-06-19T15:04:45.261 245.9,180.0,-173.7,24.80,1480, 3
2026-06-19T15:04:45.361 245.9,180.0,-174.0,25.12,1472, 3
2026-06-19T15:04:45.462 245.9,180.0,-174.3,26.16,1446, 3
2026-06-19T15:04:45.561 245.9,180.0,-174.7,26.96,1426, 3
2026-06-19T15:04:45.661 245.9,180.0,-175.0,25.72,1457, 3
2026-06-19T15:04:45.761 245.8,180.0,-174.9,26.36,1441, 3
2026-06-19T15:04:45.861 245.9,180.0,-174.9,27.04,1424, 3
2026-06-19T15:04:45.961 245.7,180.0,-175.0,25.80,1455, 3
2026-06-19T15:04:46.060 245.3,180.0,-175.4,26.72,1432, 3
2026-06-19T15:04:46.160 245.0,180.0,-175.3,26.36,1441, 3
2026-06-19T15:04:46.266 245.0,180.0,-175.3,26.64,1434, 3
2026-06-19T15:04:46.366 245.0,180.0,-174.9,25.96,1451, 3
2026-06-19T15:04:46.466 245.3,180.0,-174.9,26.88,1428, 3
2026-06-19T15:04:46.566 245.5,180.0,-174.9,27.76,1406, 3
2026-06-19T15:04:46.666 245.7,180.0,-175.1,26.80,1430, 3
2026-06-19T15:04:46.766 245.8,180.0,-175.4,26.28,1443, 3
2026-06-19T15:04:46.866 245.9,180.0,-175.3,27.36,1416, 3
2026-06-19T15:04:46.966 245.8,180.0,-175.1,27.48,1413, 3
2026-06-19T15:04:47.066 245.5,180.0,-174.8,27.44,1414, 3
2026-06-19T15:04:47.165 245.3,180.0,-174.8,25.72,1457, 3
2026-06-19T15:04:47.266 245.0,180.0,-174.7,28.40,1390, 3
2026-06-19T15:04:47.366 244.9,180.0,-174.8,27.40,1415, 3
2026-06-19T15:04:47.466 244.8,180.0,-175.0,28.00,1400, 3
# ---- session end   2026-06-19T15:04:47+0200  port=/dev/ttyACM0 baud=115200  fallback=V2X ----
